Component: ARM Compiler 5.05 update 1 (build 106) Tool: armlink [4d0efa]

==============================================================================

Section Cross References

    main.o(.text) refers to _printf_percent.o(.ARM.Collect$$_printf_percent$$00000000) for _printf_percent
    main.o(.text) refers to _printf_d.o(.ARM.Collect$$_printf_percent$$00000009) for _printf_d
    main.o(.text) refers to _printf_dec.o(.text) for _printf_int_dec
    main.o(.text) refers to delay.o(.text) for delay_init
    main.o(.text) refers to timer.o(.text) for tim2_init
    main.o(.text) refers to uart.o(.text) for Usart1_Init
    main.o(.text) refers to led.o(.text) for Init_LED
    main.o(.text) refers to key.o(.text) for Init_KEY
    main.o(.text) refers to exti.o(.text) for EXTI_Config
    main.o(.text) refers to adc.o(.text) for Adc_Init
    main.o(.text) refers to pwm.o(.text) for TIM4_PWM_Init
    main.o(.text) refers to oled.o(.text) for OLED_Init
    main.o(.text) refers to misc.o(.text) for NVIC_PriorityGroupConfig
    main.o(.text) refers to esp8266.o(.text) for ESP8266_Init
    main.o(.text) refers to onenet.o(.text) for OneNet_DevLink
    main.o(.text) refers to dht11.o(.text) for DHT11_Init
    main.o(.text) refers to rt_memclr_w.o(.text) for __aeabi_memclr4
    main.o(.text) refers to __2sprintf.o(.text) for __2sprintf
    main.o(.text) refers to main.o(.data) for topics
    main.o(.data) refers to main.o(.conststring) for .conststring
    system_stm32f4xx.o(.text) refers to system_stm32f4xx.o(.data) for SystemCoreClock
    exti.o(.text) refers to misc.o(.text) for NVIC_PriorityGroupConfig
    exti.o(.text) refers to stm32f4xx_rcc.o(.text) for RCC_AHB1PeriphClockCmd
    exti.o(.text) refers to stm32f4xx_syscfg.o(.text) for SYSCFG_EXTILineConfig
    exti.o(.text) refers to stm32f4xx_exti.o(.text) for EXTI_Init
    exti.o(.text) refers to delay.o(.text) for delay_ms
    exti.o(.text) refers to stm32f4xx_tim.o(.text) for TIM_SetCompare2
    key.o(.text) refers to stm32f4xx_rcc.o(.text) for RCC_AHB1PeriphClockCmd
    key.o(.text) refers to stm32f4xx_gpio.o(.text) for GPIO_Init
    led.o(.text) refers to stm32f4xx_rcc.o(.text) for RCC_AHB1PeriphClockCmd
    led.o(.text) refers to stm32f4xx_gpio.o(.text) for GPIO_Init
    pwm.o(.text) refers to stm32f4xx_rcc.o(.text) for RCC_AHB1PeriphClockCmd
    pwm.o(.text) refers to stm32f4xx_gpio.o(.text) for GPIO_PinAFConfig
    pwm.o(.text) refers to stm32f4xx_tim.o(.text) for TIM_TimeBaseInit
    timer.o(.text) refers to misc.o(.text) for NVIC_PriorityGroupConfig
    timer.o(.text) refers to stm32f4xx_rcc.o(.text) for RCC_APB1PeriphClockCmd
    timer.o(.text) refers to stm32f4xx_tim.o(.text) for TIM_TimeBaseInit
    timer.o(.text) refers to oled.o(.text) for OLED_ShowChinese
    timer.o(.text) refers to main.o(.data) for temperature
    uart.o(.text) refers to stm32f4xx_rcc.o(.text) for RCC_AHB1PeriphClockCmd
    uart.o(.text) refers to stm32f4xx_gpio.o(.text) for GPIO_PinAFConfig
    uart.o(.text) refers to stm32f4xx_usart.o(.text) for USART_Init
    uart.o(.text) refers to misc.o(.text) for NVIC_Init
    uart.o(.text) refers to vsnprintf.o(.text) for vsnprintf
    uart.o(.text) refers to main.o(.data) for flag
    oled.o(.text) refers to stm32f4xx_gpio.o(.text) for GPIO_ResetBits
    oled.o(.text) refers to oled.o(.bss) for OLED_GRAM
    oled.o(.text) refers to oled.o(.constdata) for asc2_0806
    oled.o(.text) refers to stm32f4xx_rcc.o(.text) for RCC_AHB1PeriphClockCmd
    oled.o(.text) refers to delay.o(.text) for delay_ms
    dht11.o(.text) refers to delay.o(.text) for delay_ms
    dht11.o(.text) refers to stm32f4xx_rcc.o(.text) for RCC_AHB1PeriphClockCmd
    dht11.o(.text) refers to stm32f4xx_gpio.o(.text) for GPIO_Init
    adc.o(.text) refers to stm32f4xx_rcc.o(.text) for RCC_AHB1PeriphClockCmd
    adc.o(.text) refers to stm32f4xx_gpio.o(.text) for GPIO_Init
    adc.o(.text) refers to stm32f4xx_adc.o(.text) for ADC_CommonInit
    adc.o(.text) refers to delay.o(.text) for delay_ms
    startup_stm32f40_41xxx.o(STACK) refers (Special) to heapauxi.o(.text) for __use_two_region_memory
    startup_stm32f40_41xxx.o(HEAP) refers (Special) to heapauxi.o(.text) for __use_two_region_memory
    startup_stm32f40_41xxx.o(RESET) refers (Special) to heapauxi.o(.text) for __use_two_region_memory
    startup_stm32f40_41xxx.o(RESET) refers to startup_stm32f40_41xxx.o(STACK) for __initial_sp
    startup_stm32f40_41xxx.o(RESET) refers to startup_stm32f40_41xxx.o(.text) for Reset_Handler
    startup_stm32f40_41xxx.o(RESET) refers to stm32f4xx_it.o(.text) for NMI_Handler
    startup_stm32f40_41xxx.o(RESET) refers to exti.o(.text) for EXTI4_IRQHandler
    startup_stm32f40_41xxx.o(RESET) refers to timer.o(.text) for TIM2_IRQHandler
    startup_stm32f40_41xxx.o(RESET) refers to esp8266.o(.text) for USART2_IRQHandler
    startup_stm32f40_41xxx.o(RESET) refers to uart.o(.text) for USART3_IRQHandler
[...]
    EXTI3_IRQHandler                         0x08001ecb   Thumb Code     0  startup_stm32f40_41xxx.o(.text)
    FLASH_IRQHandler                         0x08001ecb   Thumb Code     0  startup_stm32f40_41xxx.o(.text)
    FPU_IRQHandler                           0x08001ecb   Thumb Code     0  startup_stm32f40_41xxx.o(.text)
    FSMC_IRQHandler                          0x08001ecb   Thumb Code     0  startup_stm32f40_41xxx.o(.text)
    HASH_RNG_IRQHandler                      0x08001ecb   Thumb Code     0  startup_stm32f40_41xxx.o(.text)
    I2C1_ER_IRQHandler                       0x08001ecb   Thumb Code     0  startup_stm32f40_41xxx.o(.text)
    I2C1_EV_IRQHandler                       0x08001ecb   Thumb Code     0  startup_stm32f40_41xxx.o(.text)
    I2C2_ER_IRQHandler                       0x08001ecb   Thumb Code     0  startup_stm32f40_41xxx.o(.text)
    I2C2_EV_IRQHandler                       0x08001ecb   Thumb Code     0  startup_stm32f40_41xxx.o(.text)
    I2C3_ER_IRQHandler                       0x08001ecb   Thumb Code     0  startup_stm32f40_41xxx.o(.text)
    I2C3_EV_IRQHandler                       0x08001ecb   Thumb Code     0  startup_stm32f40_41xxx.o(.text)
    OTG_FS_IRQHandler                        0x08001ecb   Thumb Code     0  startup_stm32f40_41xxx.o(.text)
    OTG_FS_WKUP_IRQHandler                   0x08001ecb   Thumb Code     0  startup_stm32f40_41xxx.o(.text)
    OTG_HS_EP1_IN_IRQHandler                 0x08001ecb   Thumb Code     0  startup_stm32f40_41xxx.o(.text)
    OTG_HS_EP1_OUT_IRQHandler                0x08001ecb   Thumb Code     0  startup_stm32f40_41xxx.o(.text)
    OTG_HS_IRQHandler                        0x08001ecb   Thumb Code     0  startup_stm32f40_41xxx.o(.text)
    OTG_HS_WKUP_IRQHandler                   0x08001ecb   Thumb Code     0  startup_stm32f40_41xxx.o(.text)
    PVD_IRQHandler                           0x08001ecb   Thumb Code     0  startup_stm32f40_41xxx.o(.text)
    RCC_IRQHandler                           0x08001ecb   Thumb Code     0  startup_stm32f40_41xxx.o(.text)
    RTC_Alarm_IRQHandler                     0x08001ecb   Thumb Code     0  startup_stm32f40_41xxx.o(.text)
    RTC_WKUP_IRQHandler                      0x08001ecb   Thumb Code     0  startup_stm32f40_41xxx.o(.text)
    SDIO_IRQHandler                          0x08001ecb   Thumb Code     0  startup_stm32f40_41xxx.o(.text)
    SPI1_IRQHandler                          0x08001ecb   Thumb Code     0  startup_stm32f40_41xxx.o(.text)
    SPI2_IRQHandler                          0x08001ecb   Thumb Code     0  startup_stm32f40_41xxx.o(.text)
    SPI3_IRQHandler                          0x08001ecb   Thumb Code     0  startup_stm32f40_41xxx.o(.text)
    TAMP_STAMP_IRQHandler                    0x08001ecb   Thumb Code     0  startup_stm32f40_41xxx.o(.text)
    TIM1_BRK_TIM9_IRQHandler                 0x08001ecb   Thumb Code     0  startup_stm32f40_41xxx.o(.text)
    TIM1_CC_IRQHandler                       0x08001ecb   Thumb Code     0  startup_stm32f40_41xxx.o(.text)
    TIM1_TRG_COM_TIM11_IRQHandler            0x08001ecb   Thumb Code     0  startup_stm32f40_41xxx.o(.text)
    TIM1_UP_TIM10_IRQHandler                 0x08001ecb   Thumb Code     0  startup_stm32f40_41xxx.o(.text)
    TIM4_IRQHandler                          0x08001ecb   Thumb Code     0  startup_stm32f40_41xxx.o(.text)
    TIM5_IRQHandler                          0x08001ecb   Thumb Code     0  startup_stm32f40_41xxx.o(.text)
    TIM6_DAC_IRQHandler                      0x08001ecb   Thumb Code     0  startup_stm32f40_41xxx.o(.text)
    TIM7_IRQHandler                          0x08001ecb   Thumb Code     0  startup_stm32f40_41xxx.o(.text)
    TIM8_BRK_TIM12_IRQHandler                0x08001ecb   Thumb Code     0  startup_stm32f40_41xxx.o(.text)
    TIM8_CC_IRQHandler                       0x08001ecb   Thumb Code     0  startup_stm32f40_41xxx.o(.text)
    TIM8_TRG_COM_TIM14_IRQHandler            0x08001ecb   Thumb Code     0  startup_stm32f40_41xxx.o(.text)
    TIM8_UP_TIM13_IRQHandler                 0x08001ecb   Thumb Code     0  startup_stm32f40_41xxx.o(.text)
    UART4_IRQHandler                         0x08001ecb   Thumb Code     0  startup_stm32f40_41xxx.o(.text)
    UART5_IRQHandler                         0x08001ecb   Thumb Code     0  startup_stm32f40_41xxx.o(.text)
    USART1_IRQHandler                        0x08001ecb   Thumb Code     0  startup_stm32f40_41xxx.o(.text)
    USART6_IRQHandler                        0x08001ecb   Thumb Code     0  startup_stm32f40_41xxx.o(.text)
    WWDG_IRQHandler                          0x08001ecb   Thumb Code     0  startup_stm32f40_41xxx.o(.text)
    __user_initial_stackheap                 0x08001ecd   Thumb Code     0  startup_stm32f40_41xxx.o(.text)
    NVIC_PriorityGroupConfig                 0x08001ef1   Thumb Code    10  misc.o(.text)
    NVIC_Init                                0x08001efb   Thumb Code   106  misc.o(.text)
    NVIC_SetVectorTable                      0x08001f65   Thumb Code    14  misc.o(.text)
    NVIC_SystemLPConfig                      0x08001f73   Thumb Code    34  misc.o(.text)
    SysTick_CLKSourceConfig                  0x08001f95   Thumb Code    40  misc.o(.text)
    ADC_DeInit                               0x08001fd1   Thumb Code    22  stm32f4xx_adc.o(.text)
    ADC_Init                                 0x08001fe7   Thumb Code    74  stm32f4xx_adc.o(.text)
    ADC_StructInit                           0x08002031   Thumb Code    20  stm32f4xx_adc.o(.text)
    ADC_CommonInit                           0x08002045   Thumb Code    34  stm32f4xx_adc.o(.text)
    ADC_CommonStructInit                     0x08002067   Thumb Code    12  stm32f4xx_adc.o(.text)
    ADC_Cmd                                  0x08002073   Thumb Code    22  stm32f4xx_adc.o(.text)
    ADC_AnalogWatchdogCmd                    0x08002089   Thumb Code    16  stm32f4xx_adc.o(.text)
    ADC_AnalogWatchdogThresholdsConfig       0x08002099   Thumb Code     6  stm32f4xx_adc.o(.text)
    ADC_AnalogWatchdogSingleChannelConfig    0x0800209f   Thumb Code    16  stm32f4xx_adc.o(.text)
    ADC_TempSensorVrefintCmd                 0x080020af   Thumb Code    34  stm32f4xx_adc.o(.text)
    ADC_VBATCmd                              0x080020d1   Thumb Code    34  stm32f4xx_adc.o(.text)
    ADC_RegularChannelConfig                 0x080020f3   Thumb Code   184  stm32f4xx_adc.o(.text)
    ADC_SoftwareStartConv                    0x080021ab   Thumb Code    10  stm32f4xx_adc.o(.text)
    ADC_GetSoftwareStartConvStatus           0x080021b5   Thumb Code    20  stm32f4xx_adc.o(.text)
    ADC_EOCOnEachRegularChannelCmd           0x080021c9   Thumb Code    22  stm32f4xx_adc.o(.text)
    ADC_ContinuousModeCmd                    0x080021df   Thumb Code    22  stm32f4xx_adc.o(.text)
    ADC_DiscModeChannelCountConfig           0x080021f5   Thumb Code    24  stm32f4xx_adc.o(.text)
    ADC_DiscModeCmd                          0x0800220d   Thumb Code    22  stm32f4xx_adc.o(.text)
    ADC_GetConversionValue                   0x08002223   Thumb Code     8  stm32f4xx_adc.o(.text)
    ADC_GetMultiModeConversionValue          0x0800222b   Thumb Code     8  stm32f4xx_adc.o(.text)
    ADC_DMACmd                               0x08002233   Thumb Code    22  stm32f4xx_adc.o(.text)
    ADC_DMARequestAfterLastTransferCmd       0x08002249   Thumb Code    22  stm32f4xx_adc.o(.text)
    ADC_MultiModeDMARequestAfterLastTransferCmd 0x0800225f   Thumb Code    34  stm32f4xx_adc.o(.text)
    ADC_InjectedChannelConfig                0x08002281   Thumb Code   130  stm32f4xx_adc.o(.text)
    ADC_InjectedSequencerLengthConfig        0x08002303   Thumb Code    24  stm32f4xx_adc.o(.text)
    ADC_SetInjectedOffset                    0x0800231b   Thumb Code    20  stm32f4xx_adc.o(.text)
    ADC_ExternalTrigInjectedConvConfig       0x0800232f   Thumb Code    16  stm32f4xx_adc.o(.text)
    ADC_ExternalTrigInjectedConvEdgeConfig   0x0800233f   Thumb Code    16  stm32f4xx_adc.o(.text)
    ADC_SoftwareStartInjectedConv            0x0800234f   Thumb Code    10  stm32f4xx_adc.o(.text)
    ADC_GetSoftwareStartInjectedConvCmdStatus 0x08002359   Thumb Code    20  stm32f4xx_adc.o(.text)
    ADC_AutoInjectedConvCmd                  0x0800236d   Thumb Code    22  stm32f4xx_adc.o(.text)
    ADC_InjectedDiscModeCmd                  0x08002383   Thumb Code    22  stm32f4xx_adc.o(.text)
    ADC_GetInjectedConversionValue           0x08002399   Thumb Code    28  stm32f4xx_adc.o(.text)
    ADC_ITConfig                             0x080023b5   Thumb Code    56  stm32f4xx_adc.o(.text)
    ADC_GetFlagStatus                        0x080023ed   Thumb Code    18  stm32f4xx_adc.o(.text)
    ADC_ClearFlag                            0x080023ff   Thumb Code     6  stm32f4xx_adc.o(.text)
    ADC_GetITStatus                          0x08002405   Thumb Code    38  stm32f4xx_adc.o(.text)
    ADC_ClearITPendingBit                    0x0800242b   Thumb Code    10  stm32f4xx_adc.o(.text)
    EXTI_DeInit                              0x08002435   Thumb Code    28  stm32f4xx_exti.o(.text)
    EXTI_Init                                0x08002451   Thumb Code   142  stm32f4xx_exti.o(.text)
    EXTI_StructInit                          0x080024df   Thumb Code    16  stm32f4xx_exti.o(.text)
    EXTI_GenerateSWInterrupt                 0x080024ef   Thumb Code    16  stm32f4xx_exti.o(.text)
    EXTI_GetFlagStatus                       0x080024ff   Thumb Code    22  stm32f4xx_exti.o(.text)
    EXTI_ClearFlag                           0x08002515   Thumb Code     8  stm32f4xx_exti.o(.text)
    EXTI_GetITStatus                         0x0800251d   Thumb Code    22  stm32f4xx_exti.o(.text)
    EXTI_ClearITPendingBit                   0x08002533   Thumb Code     8  stm32f4xx_exti.o(.text)
    GPIO_DeInit                              0x08002545   Thumb Code   268  stm32f4xx_gpio.o(.text)
    GPIO_Init                                0x08002651   Thumb Code   144  stm32f4xx_gpio.o(.text)
    GPIO_StructInit                          0x080026e1   Thumb Code    18  stm32f4xx_gpio.o(.text)
    GPIO_PinLockConfig                       0x080026f3   Thumb Code    34  stm32f4xx_gpio.o(.text)
    GPIO_ReadInputDataBit                    0x08002715   Thumb Code    18  stm32f4xx_gpio.o(.text)
    GPIO_ReadInputData                       0x08002727   Thumb Code     8  stm32f4xx_gpio.o(.text)
    GPIO_ReadOutputDataBit                   0x0800272f   Thumb Code    18  stm32f4xx_gpio.o(.text)
    GPIO_ReadOutputData                      0x08002741   Thumb Code     8  stm32f4xx_gpio.o(.text)
    GPIO_SetBits                             0x08002749   Thumb Code     4  stm32f4xx_gpio.o(.text)
    GPIO_ResetBits                           0x0800274d   Thumb Code     4  stm32f4xx_gpio.o(.text)
    GPIO_WriteBit                            0x08002751   Thumb Code    10  stm32f4xx_gpio.o(.text)
    GPIO_Write                               0x0800275b   Thumb Code     4  stm32f4xx_gpio.o(.text)
    GPIO_ToggleBits                          0x0800275f   Thumb Code     8  stm32f4xx_gpio.o(.text)
    GPIO_PinAFConfig                         0x08002767   Thumb Code    70  stm32f4xx_gpio.o(.text)
    RCC_DeInit                               0x080027d9   Thumb Code    82  stm32f4xx_rcc.o(.text)
    RCC_HSEConfig                            0x0800282b   Thumb Code    14  stm32f4xx_rcc.o(.text)
    RCC_GetFlagStatus                        0x08002839   Thumb Code    60  stm32f4xx_rcc.o(.text)
    RCC_WaitForHSEStartUp                    0x08002875   Thumb Code    56  stm32f4xx_rcc.o(.text)
    RCC_AdjustHSICalibrationValue            0x080028ad   Thumb Code    20  stm32f4xx_rcc.o(.text)
    RCC_HSICmd                               0x080028c1   Thumb Code     6  stm32f4xx_rcc.o(.text)
    RCC_LSEConfig                            0x080028c7   Thumb Code    46  stm32f4xx_rcc.o(.text)
    RCC_LSICmd                               0x080028f5   Thumb Code     6  stm32f4xx_rcc.o(.text)
    RCC_PLLConfig                            0x080028fb   Thumb Code    32  stm32f4xx_rcc.o(.text)
    RCC_PLLCmd                               0x0800291b   Thumb Code     6  stm32f4xx_rcc.o(.text)
    RCC_PLLI2SConfig                         0x08002921   Thumb Code    14  stm32f4xx_rcc.o(.text)
    RCC_PLLI2SCmd                            0x0800292f   Thumb Code     6  stm32f4xx_rcc.o(.text)
    RCC_PLLSAIConfig                         0x08002935   Thumb Code    20  stm32f4xx_rcc.o(.text)
    RCC_PLLSAICmd                            0x08002949   Thumb Code     6  stm32f4xx_rcc.o(.text)
    RCC_ClockSecuritySystemCmd               0x0800294f   Thumb Code     6  stm32f4xx_rcc.o(.text)
    RCC_MCO1Config                           0x08002955   Thumb Code    28  stm32f4xx_rcc.o(.text)
    RCC_MCO2Config                           0x08002971   Thumb Code    28  stm32f4xx_rcc.o(.text)
    RCC_SYSCLKConfig                         0x0800298d   Thumb Code    20  stm32f4xx_rcc.o(.text)
    RCC_GetSYSCLKSource                      0x080029a1   Thumb Code    12  stm32f4xx_rcc.o(.text)
    RCC_HCLKConfig                           0x080029ad   Thumb Code    20  stm32f4xx_rcc.o(.text)
    RCC_PCLK1Config                          0x080029c1   Thumb Code    20  stm32f4xx_rcc.o(.text)
    RCC_PCLK2Config                          0x080029d5   Thumb Code    22  stm32f4xx_rcc.o(.text)
    RCC_GetClocksFreq                        0x080029eb   Thumb Code   222  stm32f4xx_rcc.o(.text)
    RCC_RTCCLKConfig                         0x08002ac9   Thumb Code    54  stm32f4xx_rcc.o(.text)
    RCC_RTCCLKCmd                            0x08002aff   Thumb Code     8  stm32f4xx_rcc.o(.text)
    RCC_BackupResetCmd                       0x08002b07   Thumb Code     8  stm32f4xx_rcc.o(.text)
    RCC_I2SCLKConfig                         0x08002b0f   Thumb Code     6  stm32f4xx_rcc.o(.text)
    RCC_SAIPLLI2SClkDivConfig                0x08002b15   Thumb Code    26  stm32f4xx_rcc.o(.text)
    RCC_SAIPLLSAIClkDivConfig                0x08002b2f   Thumb Code    28  stm32f4xx_rcc.o(.text)
    RCC_SAIBlockACLKConfig                   0x08002b4b   Thumb Code    20  stm32f4xx_rcc.o(.text)
    RCC_SAIBlockBCLKConfig                   0x08002b5f   Thumb Code    20  stm32f4xx_rcc.o(.text)
    RCC_LTDCCLKDivConfig                     0x08002b73   Thumb Code    20  stm32f4xx_rcc.o(.text)
    RCC_TIMCLKPresConfig                     0x08002b87   Thumb Code     6  stm32f4xx_rcc.o(.text)
    RCC_AHB1PeriphClockCmd                   0x08002b8d   Thumb Code    34  stm32f4xx_rcc.o(.text)
    RCC_AHB2PeriphClockCmd                   0x08002baf   Thumb Code    78  stm32f4xx_rcc.o(.text)
    RCC_AHB3PeriphClockCmd                   0x08002bfd   Thumb Code    34  stm32f4xx_rcc.o(.text)
    RCC_APB1PeriphClockCmd                   0x08002c1f   Thumb Code    34  stm32f4xx_rcc.o(.text)
    RCC_APB2PeriphClockCmd                   0x08002c41   Thumb Code    34  stm32f4xx_rcc.o(.text)
    RCC_AHB1PeriphResetCmd                   0x08002c63   Thumb Code    34  stm32f4xx_rcc.o(.text)
    RCC_AHB2PeriphResetCmd                   0x08002c85   Thumb Code    34  stm32f4xx_rcc.o(.text)
    RCC_AHB3PeriphResetCmd                   0x08002ca7   Thumb Code    34  stm32f4xx_rcc.o(.text)
    RCC_APB1PeriphResetCmd                   0x08002cc9   Thumb Code    34  stm32f4xx_rcc.o(.text)
    RCC_APB2PeriphResetCmd                   0x08002ceb   Thumb Code    34  stm32f4xx_rcc.o(.text)
    RCC_AHB1PeriphClockLPModeCmd             0x08002d0d   Thumb Code    34  stm32f4xx_rcc.o(.text)
    RCC_AHB2PeriphClockLPModeCmd             0x08002d2f   Thumb Code    34  stm32f4xx_rcc.o(.text)
    RCC_AHB3PeriphClockLPModeCmd             0x08002d51   Thumb Code    34  stm32f4xx_rcc.o(.text)
    RCC_APB1PeriphClockLPModeCmd             0x08002d73   Thumb Code    34  stm32f4xx_rcc.o(.text)
    RCC_APB2PeriphClockLPModeCmd             0x08002d95   Thumb Code    34  stm32f4xx_rcc.o(.text)
    RCC_LSEModeConfig                        0x08002db7   Thumb Code    40  stm32f4xx_rcc.o(.text)
    RCC_ITConfig                             0x08002ddf   Thumb Code    34  stm32f4xx_rcc.o(.text)
    RCC_ClearFlag                            0x08002e01   Thumb Code    18  stm32f4xx_rcc.o(.text)
    RCC_GetITStatus                          0x08002e13   Thumb Code    22  stm32f4xx_rcc.o(.text)
    RCC_ClearITPendingBit                    0x08002e29   Thumb Code     8  stm32f4xx_rcc.o(.text)
    SYSCFG_DeInit                            0x08002e35   Thumb Code    22  stm32f4xx_syscfg.o(.text)
    SYSCFG_MemoryRemapConfig                 0x08002e4b   Thumb Code     6  stm32f4xx_syscfg.o(.text)
    SYSCFG_MemorySwappingBank                0x08002e51   Thumb Code     6  stm32f4xx_syscfg.o(.text)
    SYSCFG_EXTILineConfig                    0x08002e57   Thumb Code    66  stm32f4xx_syscfg.o(.text)
    SYSCFG_ETH_MediaInterfaceConfig          0x08002e99   Thumb Code     8  stm32f4xx_syscfg.o(.text)
    SYSCFG_CompensationCellCmd               0x08002ea1   Thumb Code     6  stm32f4xx_syscfg.o(.text)
    SYSCFG_GetCompensationCellStatus         0x08002ea7   Thumb Code    22  stm32f4xx_syscfg.o(.text)
    TIM_DeInit                               0x08002ec9   Thumb Code   346  stm32f4xx_tim.o(.text)
    TIM_TimeBaseInit                         0x08003023   Thumb Code   104  stm32f4xx_tim.o(.text)
    TIM_TimeBaseStructInit                   0x0800308b   Thumb Code    18  stm32f4xx_tim.o(.text)
    TIM_PrescalerConfig                      0x0800309d   Thumb Code     6  stm32f4xx_tim.o(.text)
    TIM_CounterModeConfig                    0x080030a3   Thumb Code    18  stm32f4xx_tim.o(.text)
    TIM_SetCounter                           0x080030b5   Thumb Code     4  stm32f4xx_tim.o(.text)
    TIM_SetAutoreload                        0x080030b9   Thumb Code     4  stm32f4xx_tim.o(.text)
    TIM_GetCounter                           0x080030bd   Thumb Code     6  stm32f4xx_tim.o(.text)
    TIM_GetPrescaler                         0x080030c3   Thumb Code     6  stm32f4xx_tim.o(.text)
    TIM_UpdateDisableConfig                  0x080030c9   Thumb Code    24  stm32f4xx_tim.o(.text)
    TIM_UpdateRequestConfig                  0x080030e1   Thumb Code    24  stm32f4xx_tim.o(.text)
    TIM_ARRPreloadConfig                     0x080030f9   Thumb Code    24  stm32f4xx_tim.o(.text)
    TIM_SelectOnePulseMode                   0x08003111   Thumb Code    18  stm32f4xx_tim.o(.text)
    TIM_SetClockDivision                     0x08003123   Thumb Code    18  stm32f4xx_tim.o(.text)
    TIM_Cmd                                  0x08003135   Thumb Code    24  stm32f4xx_tim.o(.text)
    TIM_OC1Init                              0x0800314d   Thumb Code   114  stm32f4xx_tim.o(.text)
    TIM_OC2Init                              0x080031bf   Thumb Code   154  stm32f4xx_tim.o(.text)
    TIM_OC3Init                              0x08003259   Thumb Code   204  stm32f4xx_tim.o(.text)
    TIM_OC4Init                              0x08003325   Thumb Code   112  stm32f4xx_tim.o(.text)
    TIM_OCStructInit                         0x08003395   Thumb Code    20  stm32f4xx_tim.o(.text)
    TIM_SelectOCxM                           0x080033a9   Thumb Code    86  stm32f4xx_tim.o(.text)
    TIM_SetCompare1                          0x080033ff   Thumb Code     4  stm32f4xx_tim.o(.text)
    TIM_SetCompare2                          0x08003403   Thumb Code     4  stm32f4xx_tim.o(.text)
    TIM_SetCompare3                          0x08003407   Thumb Code     4  stm32f4xx_tim.o(.text)
    TIM_SetCompare4                          0x0800340b   Thumb Code     4  stm32f4xx_tim.o(.text)
    TIM_ForcedOC1Config                      0x0800340f   Thumb Code    18  stm32f4xx_tim.o(.text)
    TIM_ForcedOC2Config                      0x08003421   Thumb Code    26  stm32f4xx_tim.o(.text)
    TIM_ForcedOC3Config                      0x0800343b   Thumb Code    18  stm32f4xx_tim.o(.text)
    TIM_ForcedOC4Config                      0x0800344d   Thumb Code    26  stm32f4xx_tim.o(.text)
    TIM_OC1PreloadConfig                     0x08003467   Thumb Code    18  stm32f4xx_tim.o(.text)
    TIM_OC2PreloadConfig                     0x08003479   Thumb Code    26  stm32f4xx_tim.o(.text)
    TIM_OC3PreloadConfig                     0x08003493   Thumb Code    18  stm32f4xx_tim.o(.text)
    TIM_OC4PreloadConfig                     0x080034a5   Thumb Code    26  stm32f4xx_tim.o(.text)
    TIM_OC1FastConfig                        0x080034bf   Thumb Code    18  stm32f4xx_tim.o(.text)
    TIM_OC2FastConfig                        0x080034d1   Thumb Code    26  stm32f4xx_tim.o(.text)
    TIM_OC3FastConfig                        0x080034eb   Thumb Code    18  stm32f4xx_tim.o(.text)
    TIM_OC4FastConfig                        0x080034fd   Thumb Code    26  stm32f4xx_tim.o(.text)
    TIM_ClearOC1Ref                          0x08003517   Thumb Code    18  stm32f4xx_tim.o(.text)
    TIM_ClearOC2Ref                          0x08003529   Thumb Code    24  stm32f4xx_tim.o(.text)
    TIM_ClearOC3Ref                          0x08003541   Thumb Code    18  stm32f4xx_tim.o(.text)
    TIM_ClearOC4Ref                          0x08003553   Thumb Code    24  stm32f4xx_tim.o(.text)
    TIM_OC1PolarityConfig                    0x0800356b   Thumb Code    18  stm32f4xx_tim.o(.text)
    TIM_OC1NPolarityConfig                   0x0800357d   Thumb Code    18  stm32f4xx_tim.o(.text)
    TIM_OC2PolarityConfig                    0x0800358f   Thumb Code    26  stm32f4xx_tim.o(.text)
    TIM_OC2NPolarityConfig                   0x080035a9   Thumb Code    26  stm32f4xx_tim.o(.text)
    TIM_OC3PolarityConfig                    0x080035c3   Thumb Code    26  stm32f4xx_tim.o(.text)
    TIM_OC3NPolarityConfig                   0x080035dd   Thumb Code    26  stm32f4xx_tim.o(.text)
    TIM_OC4PolarityConfig                    0x080035f7   Thumb Code    26  stm32f4xx_tim.o(.text)
    TIM_CCxCmd                               0x08003611   Thumb Code    30  stm32f4xx_tim.o(.text)
    TIM_CCxNCmd                              0x0800362f   Thumb Code    30  stm32f4xx_tim.o(.text)
    TIM_SetIC4Prescaler                      0x0800364d   Thumb Code    26  stm32f4xx_tim.o(.text)
    TIM_SetIC3Prescaler                      0x080036b7   Thumb Code    18  stm32f4xx_tim.o(.text)
    TIM_SetIC2Prescaler                      0x08003711   Thumb Code    26  stm32f4xx_tim.o(.text)
    TIM_SetIC1Prescaler                      0x08003785   Thumb Code    18  stm32f4xx_tim.o(.text)
    TIM_ICInit                               0x080037d1   Thumb Code   110  stm32f4xx_tim.o(.text)
    TIM_ICStructInit                         0x0800383f   Thumb Code    18  stm32f4xx_tim.o(.text)
    TIM_PWMIConfig                           0x08003851   Thumb Code   124  stm32f4xx_tim.o(.text)
    TIM_GetCapture1                          0x080038cd   Thumb Code     6  stm32f4xx_tim.o(.text)
    TIM_GetCapture2                          0x080038d3   Thumb Code     6  stm32f4xx_tim.o(.text)
    TIM_GetCapture3                          0x080038d9   Thumb Code     6  stm32f4xx_tim.o(.text)
    TIM_GetCapture4                          0x080038df   Thumb Code     6  stm32f4xx_tim.o(.text)
    TIM_BDTRConfig                           0x080038e5   Thumb Code    32  stm32f4xx_tim.o(.text)
    TIM_BDTRStructInit                       0x08003905   Thumb Code    18  stm32f4xx_tim.o(.text)
    TIM_CtrlPWMOutputs                       0x08003917   Thumb Code    30  stm32f4xx_tim.o(.text)
    TIM_SelectCOM                            0x08003935   Thumb Code    24  stm32f4xx_tim.o(.text)
    TIM_CCPreloadControl                     0x0800394d   Thumb Code    24  stm32f4xx_tim.o(.text)
    TIM_ITConfig                             0x08003965   Thumb Code    18  stm32f4xx_tim.o(.text)
    TIM_GenerateEvent                        0x08003977   Thumb Code     4  stm32f4xx_tim.o(.text)
    TIM_GetFlagStatus                        0x0800397b   Thumb Code    18  stm32f4xx_tim.o(.text)
    TIM_ClearFlag                            0x0800398d   Thumb Code     6  stm32f4xx_tim.o(.text)
    TIM_GetITStatus                          0x08003993   Thumb Code    34  stm32f4xx_tim.o(.text)
    TIM_ClearITPendingBit                    0x080039b5   Thumb Code     6  stm32f4xx_tim.o(.text)
    TIM_DMAConfig                            0x080039bb   Thumb Code    10  stm32f4xx_tim.o(.text)
    TIM_DMACmd                               0x080039c5   Thumb Code    18  stm32f4xx_tim.o(.text)
    TIM_SelectCCDMA                          0x080039d7   Thumb Code    24  stm32f4xx_tim.o(.text)
    TIM_InternalClockConfig                  0x080039ef   Thumb Code    12  stm32f4xx_tim.o(.text)
    TIM_SelectInputTrigger                   0x080039fb   Thumb Code    18  stm32f4xx_tim.o(.text)
    TIM_ITRxExternalClockConfig              0x08003a0d   Thumb Code    24  stm32f4xx_tim.o(.text)
    TIM_TIxExternalClockConfig               0x08003a25   Thumb Code    62  stm32f4xx_tim.o(.text)
    TIM_ETRConfig                            0x08003a63   Thumb Code    28  stm32f4xx_tim.o(.text)
    TIM_ETRClockMode1Config                  0x08003a7f   Thumb Code    54  stm32f4xx_tim.o(.text)
    TIM_ETRClockMode2Config                  0x08003ab5   Thumb Code    32  stm32f4xx_tim.o(.text)
    TIM_SelectOutputTrigger                  0x08003ad5   Thumb Code    18  stm32f4xx_tim.o(.text)
    TIM_SelectSlaveMode                      0x08003ae7   Thumb Code    18  stm32f4xx_tim.o(.text)
    TIM_SelectMasterSlaveMode                0x08003af9   Thumb Code    18  stm32f4xx_tim.o(.text)
    TIM_EncoderInterfaceConfig               0x08003b0b   Thumb Code    66  stm32f4xx_tim.o(.text)
    TIM_SelectHallSensor                     0x08003b4d   Thumb Code    24  stm32f4xx_tim.o(.text)
    TIM_RemapConfig                          0x08003b65   Thumb Code     6  stm32f4xx_tim.o(.text)
    USART_DeInit                             0x08003b6d   Thumb Code   206  stm32f4xx_usart.o(.text)
    USART_Init                               0x08003c3b   Thumb Code   204  stm32f4xx_usart.o(.text)
    USART_StructInit                         0x08003d07   Thumb Code    24  stm32f4xx_usart.o(.text)
    USART_ClockInit                          0x08003d1f   Thumb Code    32  stm32f4xx_usart.o(.text)
    USART_ClockStructInit                    0x08003d3f   Thumb Code    12  stm32f4xx_usart.o(.text)
    USART_Cmd                                0x08003d4b   Thumb Code    24  stm32f4xx_usart.o(.text)
    USART_SetPrescaler                       0x08003d63   Thumb Code    16  stm32f4xx_usart.o(.text)
    USART_OverSampling8Cmd                   0x08003d73   Thumb Code    22  stm32f4xx_usart.o(.text)
    USART_OneBitMethodCmd                    0x08003d89   Thumb Code    24  stm32f4xx_usart.o(.text)
    USART_SendData                           0x08003da1   Thumb Code     8  stm32f4xx_usart.o(.text)
    USART_ReceiveData                        0x08003da9   Thumb Code    10  stm32f4xx_usart.o(.text)
    USART_SetAddress                         0x08003db3   Thumb Code    18  stm32f4xx_usart.o(.text)
    USART_ReceiverWakeUpCmd                  0x08003dc5   Thumb Code    24  stm32f4xx_usart.o(.text)
    USART_WakeUpConfig                       0x08003ddd   Thumb Code    18  stm32f4xx_usart.o(.text)
    USART_LINBreakDetectLengthConfig         0x08003def   Thumb Code    18  stm32f4xx_usart.o(.text)
    USART_LINCmd                             0x08003e01   Thumb Code    24  stm32f4xx_usart.o(.text)
    USART_SendBreak                          0x08003e19   Thumb Code    10  stm32f4xx_usart.o(.text)
    USART_HalfDuplexCmd                      0x08003e23   Thumb Code    24  stm32f4xx_usart.o(.text)
    USART_SetGuardTime                       0x08003e3b   Thumb Code    16  stm32f4xx_usart.o(.text)
    USART_SmartCardCmd                       0x08003e4b   Thumb Code    24  stm32f4xx_usart.o(.text)
    USART_SmartCardNACKCmd                   0x08003e63   Thumb Code    24  stm32f4xx_usart.o(.text)
    USART_IrDAConfig                         0x08003e7b   Thumb Code    18  stm32f4xx_usart.o(.text)
    USART_IrDACmd                            0x08003e8d   Thumb Code    24  stm32f4xx_usart.o(.text)
    USART_DMACmd                             0x08003ea5   Thumb Code    18  stm32f4xx_usart.o(.text)
    USART_ITConfig                           0x08003eb7   Thumb Code    74  stm32f4xx_usart.o(.text)
    USART_GetFlagStatus                      0x08003f01   Thumb Code    26  stm32f4xx_usart.o(.text)
    USART_ClearFlag                          0x08003f1b   Thumb Code    18  stm32f4xx_usart.o(.text)
    USART_GetITStatus                        0x08003f2d   Thumb Code   118  stm32f4xx_usart.o(.text)
    USART_ClearITPendingBit                  0x08003fa3   Thumb Code    30  stm32f4xx_usart.o(.text)
    delay_init                               0x08003fc1   Thumb Code    52  delay.o(.text)
    delay_us                                 0x08003ff5   Thumb Code    72  delay.o(.text)
    delay_xms                                0x0800403d   Thumb Code    72  delay.o(.text)
    delay_ms                                 0x08004085   Thumb Code    56  delay.o(.text)
    ESP8266_Clear                            0x080040c5   Thumb Code    18  esp8266.o(.text)
    ESP8266_WaitRecive                       0x080040d7   Thumb Code    42  esp8266.o(.text)
    ESP8266_SendCmd                          0x08004101   Thumb Code    76  esp8266.o(.text)
    ESP8266_SendData                         0x0800414d   Thumb Code    46  esp8266.o(.text)
    ESP8266_GetIPD                           0x0800417b   Thumb Code    66  esp8266.o(.text)
    ESP8266_Init                             0x080041bd   Thumb Code   190  esp8266.o(.text)
    USART2_IRQHandler                        0x0800427b   Thumb Code    62  esp8266.o(.text)
    MQTT_NewBuffer                           0x080043e1   Thumb Code    88  mqttkit.o(.text)
    MQTT_DeleteBuffer                        0x08004439   Thumb Code    28  mqttkit.o(.text)
    MQTT_DumpLength                          0x08004455   Thumb Code    46  mqttkit.o(.text)
    MQTT_ReadLength                          0x08004483   Thumb Code    70  mqttkit.o(.text)
    MQTT_UnPacketRecv                        0x080044c9   Thumb Code   106  mqttkit.o(.text)
    MQTT_PacketConnect                       0x08004533   Thumb Code   666  mqttkit.o(.text)
    MQTT_PacketDisConnect                    0x080047cd   Thumb Code    48  mqttkit.o(.text)
    MQTT_UnPacketConnectAck                  0x080047fd   Thumb Code    30  mqttkit.o(.text)
    MQTT_PacketPublish                       0x0800481b   Thumb Code   452  mqttkit.o(.text)
    MQTT_PacketSaveData                      0x080049df   Thumb Code    88  mqttkit.o(.text)
    MQTT_PacketSaveBinData                   0x08004a37   Thumb Code   192  mqttkit.o(.text)
    MQTT_UnPacketCmd                         0x08004af7   Thumb Code   140  mqttkit.o(.text)
    MQTT_PacketCmdResp                       0x08004b83   Thumb Code   132  mqttkit.o(.text)
    MQTT_PacketSubscribe                     0x08004c07   Thumb Code   254  mqttkit.o(.text)
    MQTT_UnPacketSubscribe                   0x08004d05   Thumb Code    52  mqttkit.o(.text)
    MQTT_PacketUnSubscribe                   0x08004d39   Thumb Code   268  mqttkit.o(.text)
    MQTT_UnPacketUnSubscribe                 0x08004e45   Thumb Code    18  mqttkit.o(.text)
    MQTT_UnPacketPublish                     0x08004e57   Thumb Code   440  mqttkit.o(.text)
    MQTT_PacketPublishAck                    0x0800500f   Thumb Code    72  mqttkit.o(.text)
    MQTT_UnPacketPublishAck                  0x08005057   Thumb Code    30  mqttkit.o(.text)
    MQTT_PacketPublishRec                    0x08005075   Thumb Code    72  mqttkit.o(.text)
    MQTT_UnPacketPublishRec                  0x080050bd   Thumb Code    30  mqttkit.o(.text)
    MQTT_PacketPublishRel                    0x080050db   Thumb Code    72  mqttkit.o(.text)
    MQTT_UnPacketPublishRel                  0x08005123   Thumb Code    36  mqttkit.o(.text)
    MQTT_PacketPublishComp                   0x08005147   Thumb Code    72  mqttkit.o(.text)
    MQTT_UnPacketPublishComp                 0x0800518f   Thumb Code    30  mqttkit.o(.text)
    MQTT_PacketPing                          0x080051ad   Thumb Code    48  mqttkit.o(.text)
    OneNet_DevLink                           0x080051dd   Thumb Code   212  onenet.o(.text)
    OneNet_Subscribe                         0x080052b1   Thumb Code    80  onenet.o(.text)
    OneNet_Publish                           0x08005301   Thumb Code    86  onenet.o(.text)
    OneNet_RevPro                            0x08005357   Thumb Code  1464  onenet.o(.text)
    cJSON_GetErrorPtr                        0x080059d5   Thumb Code     6  cjson.o(.text)
    cJSON_InitHooks                          0x08005a4f   Thumb Code    48  cjson.o(.text)
    cJSON_Delete                             0x08005a99   Thumb Code    82  cjson.o(.text)
    cJSON_ParseWithOpts                      0x080066a3   Thumb Code   150  cjson.o(.text)
    cJSON_Parse                              0x08006739   Thumb Code    16  cjson.o(.text)
    cJSON_Print                              0x08006ec9   Thumb Code    18  cjson.o(.text)
    cJSON_PrintUnformatted                   0x08006edb   Thumb Code    18  cjson.o(.text)
    cJSON_PrintBuffered                      0x08006eed   Thumb Code    52  cjson.o(.text)
    cJSON_GetArraySize                       0x08006f21   Thumb Code    18  cjson.o(.text)
    cJSON_GetArrayItem                       0x08006f33   Thumb Code    18  cjson.o(.text)
    cJSON_GetObjectItem                      0x08006f45   Thumb Code    30  cjson.o(.text)
    cJSON_AddItemToArray                     0x08006f99   Thumb Code    42  cjson.o(.text)
    cJSON_AddItemToObject                    0x08006fc3   Thumb Code    44  cjson.o(.text)
    cJSON_AddItemToObjectCS                  0x08006fef   Thumb Code    54  cjson.o(.text)
    cJSON_AddItemReferenceToArray            0x08007025   Thumb Code    24  cjson.o(.text)
    cJSON_AddItemReferenceToObject           0x0800703d   Thumb Code    32  cjson.o(.text)
    cJSON_DetachItemFromArray                0x0800705d   Thumb Code    66  cjson.o(.text)
    cJSON_DeleteItemFromArray                0x0800709f   Thumb Code    22  cjson.o(.text)
    cJSON_DetachItemFromObject               0x080070b5   Thumb Code    50  cjson.o(.text)
    cJSON_DeleteItemFromObject               0x080070e7   Thumb Code    22  cjson.o(.text)
    cJSON_InsertItemInArray                  0x080070fd   Thumb Code    64  cjson.o(.text)
    cJSON_ReplaceItemInArray                 0x0800713d   Thumb Code    76  cjson.o(.text)
    cJSON_ReplaceItemInObject                0x08007189   Thumb Code    62  cjson.o(.text)
    cJSON_CreateNull                         0x080071c7   Thumb Code    18  cjson.o(.text)
    cJSON_CreateTrue                         0x080071d9   Thumb Code    18  cjson.o(.text)
    cJSON_CreateFalse                        0x080071eb   Thumb Code    18  cjson.o(.text)
    cJSON_CreateBool                         0x080071fd   Thumb Code    26  cjson.o(.text)
    cJSON_CreateNumber                       0x08007217   Thumb Code    48  cjson.o(.text)
    cJSON_CreateString                       0x08007247   Thumb Code    28  cjson.o(.text)
    cJSON_CreateArray                        0x08007263   Thumb Code    18  cjson.o(.text)
    cJSON_CreateObject                       0x08007275   Thumb Code    18  cjson.o(.text)
    cJSON_CreateIntArray                     0x08007287   Thumb Code    86  cjson.o(.text)
    cJSON_CreateFloatArray                   0x080072dd   Thumb Code    96  cjson.o(.text)
    cJSON_CreateDoubleArray                  0x0800733d   Thumb Code    74  cjson.o(.text)
    cJSON_CreateStringArray                  0x08007387   Thumb Code    66  cjson.o(.text)
    cJSON_Duplicate                          0x080073c9   Thumb Code   172  cjson.o(.text)
    cJSON_Minify                             0x08007475   Thumb Code   186  cjson.o(.text)
    malloc                                   0x0800752f   Thumb Code    94  h1_alloc.o(.text)
    free                                     0x0800758d   Thumb Code    78  h1_free.o(.text)
    tolower                                  0x080075db   Thumb Code    26  tolower.o(.text)
    vsnprintf                                0x080075f5   Thumb Code    48  vsnprintf.o(.text)
    __2sprintf                               0x08007629   Thumb Code    38  __2sprintf.o(.text)
    _printf_pre_padding                      0x08007655   Thumb Code    44  _printf_pad.o(.text)
    _printf_post_padding                     0x08007681   Thumb Code    34  _printf_pad.o(.text)
    _printf_str                              0x080076a3   Thumb Code    82  _printf_str.o(.text)
    _printf_int_dec                          0x080076f5   Thumb Code   104  _printf_dec.o(.text)
    _printf_longlong_hex                     0x0800776d   Thumb Code    86  _printf_hex_int_ll_ptr.o(.text)
    _printf_int_hex                          0x080077c3   Thumb Code    28  _printf_hex_int_ll_ptr.o(.text)
    _printf_ll_hex                           0x080077df   Thumb Code    12  _printf_hex_int_ll_ptr.o(.text)
    _printf_hex_ptr                          0x080077eb   Thumb Code    18  _printf_hex_int_ll_ptr.o(.text)
    __printf                                 0x08007801   Thumb Code   388  __printf_flags_ss_wp.o(.text)
    atoi                                     0x08007989   Thumb Code    26  atoi.o(.text)
    strchr                                   0x080079a3   Thumb Code    20  strchr.o(.text)
    strncat                                  0x080079b7   Thumb Code    36  strncat.o(.text)
    strstr                                   0x080079db   Thumb Code    36  strstr.o(.text)
    strcpy                                   0x080079ff   Thumb Code    72  strcpy.o(.text)
    strlen                                   0x08007a47   Thumb Code    62  strlen.o(.text)
    strncmp                                  0x08007a85   Thumb Code   150  strncmp.o(.text)
    __aeabi_memcpy                           0x08007b1b   Thumb Code     0  rt_memcpy_v6.o(.text)
    __rt_memcpy                              0x08007b1b   Thumb Code   138  rt_memcpy_v6.o(.text)
    _memcpy_lastbytes                        0x08007b81   Thumb Code     0  rt_memcpy_v6.o(.text)
    __aeabi_memcpy4                          0x08007ba5   Thumb Code     0  rt_memcpy_w.o(.text)
    __aeabi_memcpy8                          0x08007ba5   Thumb Code     0  rt_memcpy_w.o(.text)
    __rt_memcpy_w                            0x08007ba5   Thumb Code   100  rt_memcpy_w.o(.text)
    _memcpy_lastbytes_aligned                0x08007bed   Thumb Code     0  rt_memcpy_w.o(.text)
    __aeabi_memclr                           0x08007c09   Thumb Code     0  rt_memclr.o(.text)
    __rt_memclr                              0x08007c09   Thumb Code    68  rt_memclr.o(.text)
    _memset                                  0x08007c0d   Thumb Code     0  rt_memclr.o(.text)
    __aeabi_memclr4                          0x08007c4d   Thumb Code     0  rt_memclr_w.o(.text)
    __aeabi_memclr8                          0x08007c4d   Thumb Code     0  rt_memclr_w.o(.text)
    __rt_memclr_w                            0x08007c4d   Thumb Code    78  rt_memclr_w.o(.text)
    _memset_w                                0x08007c51   Thumb Code     0  rt_memclr_w.o(.text)
    __use_two_region_memory                  0x08007c9b   Thumb Code     2  heapauxi.o(.text)
    __rt_heap_escrow                         0x08007c9d   Thumb Code     2  heapauxi.o(.text)
    __rt_heap_expand                         0x08007c9f   Thumb Code     2  heapauxi.o(.text)
    __rt_ctype_table                         0x08007ca1   Thumb Code    16  rt_ctype_table.o(.text)
    __rt_heap_descriptor                     0x08007cb1   Thumb Code     8  rt_heap_descriptor_intlibspace.o(.text)
    __aeabi_errno_addr                       0x08007cb9   Thumb Code     8  rt_errno_addr_intlibspace.o(.text)
    __errno$intlibspace                      0x08007cb9   Thumb Code     0  rt_errno_addr_intlibspace.o(.text)
    __rt_errno_addr$intlibspace              0x08007cb9   Thumb Code     0  rt_errno_addr_intlibspace.o(.text)
    __use_no_heap                            0x08007cc1   Thumb Code     2  hguard.o(.text)
    __heap$guard                             0x08007cc3   Thumb Code     2  hguard.o(.text)
    _terminate_user_alloc                    0x08007cc5   Thumb Code     2  init_alloc.o(.text)
    _init_user_alloc                         0x08007cc7   Thumb Code     2  init_alloc.o(.text)
    __Heap_Full                              0x08007cc9   Thumb Code    34  init_alloc.o(.text)
    __Heap_Broken                            0x08007ceb   Thumb Code     6  init_alloc.o(.text)
    _init_alloc                              0x08007cf1   Thumb Code    94  init_alloc.o(.text)
    __Heap_Initialize                        0x08007d4f   Thumb Code    10  h1_init.o(.text)
    __Heap_DescSize                          0x08007d59   Thumb Code     4  h1_init.o(.text)
    __read_errno                             0x08007d5d   Thumb Code    10  _rserrno.o(.text)
    __set_errno                              0x08007d67   Thumb Code    12  _rserrno.o(.text)
    _printf_truncate_signed                  0x08007d73   Thumb Code    18  _printf_truncate.o(.text)
    _printf_truncate_unsigned                0x08007d85   Thumb Code    18  _printf_truncate.o(.text)
    _printf_int_common                       0x08007d97   Thumb Code   178  _printf_intcommon.o(.text)
    _printf_charcount                        0x08007e49   Thumb Code    40  _printf_charcount.o(.text)
    __lib_sel_fp_printf                      0x08007e71   Thumb Code     2  _printf_fp_dec.o(.text)
    _printf_fp_dec_real                      0x0800801f   Thumb Code   620  _printf_fp_dec.o(.text)
    _printf_char_common                      0x08008297   Thumb Code    32  _printf_char_common.o(.text)
    _sputc                                   0x080082bd   Thumb Code    10  _sputc.o(.text)
    _snputc                                  0x080082c7   Thumb Code    16  _snputc.o(.text)
    _printf_cs_common                        0x080082d7   Thumb Code    20  _printf_char.o(.text)
    _printf_char                             0x080082eb   Thumb Code    16  _printf_char.o(.text)
    _printf_string                           0x080082fb   Thumb Code     8  _printf_char.o(.text)
    _printf_wctomb                           0x08008305   Thumb Code   182  _printf_wctomb.o(.text)
    _printf_longlong_dec                     0x080083c1   Thumb Code   108  _printf_longlong_dec.o(.text)
    _printf_longlong_oct                     0x0800843d   Thumb Code    68  _printf_oct_int_ll.o(.text)
    _printf_int_oct                          0x08008481   Thumb Code    24  _printf_oct_int_ll.o(.text)
    _printf_ll_oct                           0x08008499   Thumb Code    12  _printf_oct_int_ll.o(.text)
    strtol                                   0x080084ad   Thumb Code   112  strtol.o(.text)
    __user_libspace                          0x0800851d   Thumb Code     8  libspace.o(.text)
    __user_perproc_libspace                  0x0800851d   Thumb Code     0  libspace.o(.text)
    __user_perthread_libspace                0x0800851d   Thumb Code     0  libspace.o(.text)
    __rt_locale                              0x08008525   Thumb Code     8  rt_locale_intlibspace.o(.text)
    __Heap_ProvideMemory                     0x0800852d   Thumb Code    52  h1_extend.o(.text)
    _ll_udiv10                               0x08008561   Thumb Code   138  lludiv10.o(.text)
    _printf_fp_hex_real                      0x080085ed   Thumb Code   754  _printf_fp_hex.o(.text)
    _printf_fp_infnan                        0x080088e9   Thumb Code   112  _printf_fp_infnan.o(.text)
    _printf_lcs_common                       0x08008969   Thumb Code    20  _printf_wchar.o(.text)
    _printf_wchar                            0x0800897d   Thumb Code    16  _printf_wchar.o(.text)
    _printf_wstring                          0x0800898d   Thumb Code     8  _printf_wchar.o(.text)
    _strtoul                                 0x08008995   Thumb Code   158  _strtoul.o(.text)
    _btod_etento                             0x08008a35   Thumb Code   216  bigflt0.o(.text)
    _wcrtomb                                 0x08008b11   Thumb Code    64  _wcrtomb.o(.text)
    __rt_SIGRTMEM                            0x08008b51   Thumb Code    14  defsig_rtmem_outer.o(.text)
    __I$use$semihosting                      0x08008b5f   Thumb Code     0  use_no_semi.o(.text)
    __use_no_semihosting_swi                 0x08008b5f   Thumb Code     2  use_no_semi.o(.text)
    __semihosting_library_function           0x08008b61   Thumb Code     0  indicate_semi.o(.text)
    __user_setup_stackheap                   0x08008b61   Thumb Code    74  sys_stackheap_outer.o(.text)
    _chval                                   0x08008bab   Thumb Code    28  _chval.o(.text)
    exit                                     0x08008bc7   Thumb Code    12  exit.o(.text)
    __sig_exit                               0x08008bd3   Thumb Code    10  defsig_exit.o(.text)
    __rt_SIGRTMEM_inner                      0x08008bdd   Thumb Code    22  defsig_rtmem_inner.o(.text)
    strcmp                                   0x08008c2d   Thumb Code   128  strcmpv7m.o(.text)
    _sys_exit                                0x08008cad   Thumb Code     8  sys_exit.o(.text)
    __default_signal_display                 0x08008cb9   Thumb Code    50  defsig_general.o(.text)
    _ttywrch                                 0x08008ceb   Thumb Code    14  sys_wrch.o(.text)
    _btod_d2e                                0x08008cf9   Thumb Code    62  btod.o(CL$$btod_d2e)
    _d2e_denorm_low                          0x08008d37   Thumb Code    70  btod.o(CL$$btod_d2e_denorm_low)
    _d2e_norm_op1                            0x08008d7d   Thumb Code    96  btod.o(CL$$btod_d2e_norm_op1)
    __btod_div_common                        0x08008ddd   Thumb Code   696  btod.o(CL$$btod_div_common)
    _e2e                                     0x08009115   Thumb Code   198  btod.o(CL$$btod_e2e)
    _btod_ediv                               0x080091db   Thumb Code    40  btod.o(CL$$btod_ediv)
    _btod_emul                               0x08009203   Thumb Code    40  btod.o(CL$$btod_emul)
    __btod_mult_common                       0x0800922b   Thumb Code   580  btod.o(CL$$btod_mult_common)
    __ARM_fpclassify                         0x0800946f   Thumb Code    48  fpclassify.o(i.__ARM_fpclassify)
    __hardfp_fabs                            0x0800949f   Thumb Code    20  fabs.o(i.__hardfp_fabs)
    __hardfp_floor                           0x080094b9   Thumb Code   252  floor.o(i.__hardfp_floor)
    __hardfp_pow                             0x080095d1   Thumb Code  3044  pow.o(i.__hardfp_pow)
    __kernel_poly                            0x0800a209   Thumb Code   248  poly.o(i.__kernel_poly)
    __mathlib_dbl_divzero                    0x0800a301   Thumb Code    28  dunder.o(i.__mathlib_dbl_divzero)
    __mathlib_dbl_infnan2                    0x0800a331   Thumb Code    20  dunder.o(i.__mathlib_dbl_infnan2)
    __mathlib_dbl_invalid                    0x0800a349   Thumb Code    24  dunder.o(i.__mathlib_dbl_invalid)
    __mathlib_dbl_overflow                   0x0800a369   Thumb Code    24  dunder.o(i.__mathlib_dbl_overflow)
    __mathlib_dbl_underflow                  0x0800a389   Thumb Code    24  dunder.o(i.__mathlib_dbl_underflow)
    _is_digit                                0x0800a3a9   Thumb Code    14  __printf_wp.o(i._is_digit)
    fabs                                     0x0800a3b7   Thumb Code    24  fabs.o(i.fabs)
    sqrt                                     0x0800a3cf   Thumb Code   110  sqrt.o(i.sqrt)
    _get_lc_ctype                            0x0800a43d   Thumb Code    44  lc_ctype_c.o(locale$$code)
    _get_lc_numeric                          0x0800a469   Thumb Code    44  lc_numeric_c.o(locale$$code)
    __aeabi_dneg                             0x0800a495   Thumb Code     0  basic.o(x$fpl$basic)
    _dneg                                    0x0800a495   Thumb Code     6  basic.o(x$fpl$basic)
    __aeabi_fneg                             0x0800a49b   Thumb Code     0  basic.o(x$fpl$basic)
    _fneg                                    0x0800a49b   Thumb Code     6  basic.o(x$fpl$basic)
    _dabs                                    0x0800a4a1   Thumb Code     6  basic.o(x$fpl$basic)
    _fabs                                    0x0800a4a7   Thumb Code     6  basic.o(x$fpl$basic)
    __aeabi_dadd                             0x0800a4ad   Thumb Code     0  daddsub_clz.o(x$fpl$dadd)
    _dadd                                    0x0800a4ad   Thumb Code   332  daddsub_clz.o(x$fpl$dadd)
    __fpl_dcheck_NaN1                        0x0800a5fd   Thumb Code    10  dcheck1.o(x$fpl$dcheck1)
    __fpl_dcmp_Inf                           0x0800a60d   Thumb Code    24  dcmpi.o(x$fpl$dcmpinf)
    __aeabi_ddiv                             0x0800a625   Thumb Code     0  ddiv.o(x$fpl$ddiv)
    _ddiv                                    0x0800a625   Thumb Code   552  ddiv.o(x$fpl$ddiv)
    __aeabi_cdcmpeq                          0x0800a8d5   Thumb Code     0  deqf.o(x$fpl$deqf)
    _dcmpeq                                  0x0800a8d5   Thumb Code   120  deqf.o(x$fpl$deqf)
    __aeabi_d2iz                             0x0800a94d   Thumb Code     0  dfix.o(x$fpl$dfix)
    _dfix                                    0x0800a94d   Thumb Code    94  dfix.o(x$fpl$dfix)
    __aeabi_i2d                              0x0800a9ab   Thumb Code     0  dflt_clz.o(x$fpl$dflt)
    _dflt                                    0x0800a9ab   Thumb Code    46  dflt_clz.o(x$fpl$dflt)
    __aeabi_cdcmple                          0x0800a9d9   Thumb Code     0  dleqf.o(x$fpl$dleqf)
    _dcmple                                  0x0800a9d9   Thumb Code   120  dleqf.o(x$fpl$dleqf)
    __fpl_dcmple_InfNaN                      0x0800aa3b   Thumb Code     0  dleqf.o(x$fpl$dleqf)
    __aeabi_dmul                             0x0800aa51   Thumb Code     0  dmul.o(x$fpl$dmul)
    _dmul                                    0x0800aa51   Thumb Code   332  dmul.o(x$fpl$dmul)
    __fpl_dnaninf                            0x0800aba5   Thumb Code   156  dnaninf.o(x$fpl$dnaninf)
    __fpl_dretinf                            0x0800ac41   Thumb Code    12  dretinf.o(x$fpl$dretinf)
    __aeabi_cdrcmple                         0x0800ac4d   Thumb Code     0  drleqf.o(x$fpl$drleqf)
    _drcmple                                 0x0800ac4d   Thumb Code   108  drleqf.o(x$fpl$drleqf)
    __aeabi_drsub                            0x0800acb9   Thumb Code     0  daddsub_clz.o(x$fpl$drsb)
    _drsb                                    0x0800acb9   Thumb Code    22  daddsub_clz.o(x$fpl$drsb)
    _dsqrt                                   0x0800acd1   Thumb Code   404  dsqrt_umaal.o(x$fpl$dsqrt)
    __aeabi_dsub                             0x0800ae69   Thumb Code     0  daddsub_clz.o(x$fpl$dsub)
    _dsub                                    0x0800ae69   Thumb Code   464  daddsub_clz.o(x$fpl$dsub)
    __aeabi_f2d                              0x0800b03d   Thumb Code     0  f2d.o(x$fpl$f2d)
    _f2d                                     0x0800b03d   Thumb Code    86  f2d.o(x$fpl$f2d)
    __fpl_fnaninf                            0x0800b093   Thumb Code   140  fnaninf.o(x$fpl$fnaninf)
    _fp_init                                 0x0800b11f   Thumb Code    10  fpinit.o(x$fpl$fpinit)
    __fplib_config_fpu_vfp                   0x0800b127   Thumb Code     0  fpinit.o(x$fpl$fpinit)
    __fplib_config_pureend_doubles           0x0800b127   Thumb Code     0  fpinit.o(x$fpl$fpinit)
    _printf_fp_dec                           0x0800b129   Thumb Code     4  printf1.o(x$fpl$printf1)
    _printf_fp_hex                           0x0800b12d   Thumb Code     4  printf2.o(x$fpl$printf2)
    __fpl_return_NaN                         0x0800b131   Thumb Code   100  retnan.o(x$fpl$retnan)
    __ARM_scalbn                             0x0800b195   Thumb Code    92  scalbn.o(x$fpl$scalbn)
    __fpl_cmpreturn                          0x0800b1f1   Thumb Code    48  trapv.o(x$fpl$trapveneer)
    __I$use$fp                               0x0800b220   Number         0  usenofp.o(x$fpl$usenofp)
    asc2_0806                                0x0800b220   Data         552  oled.o(.constdata)
    asc2_1206                                0x0800b448   Data        1140  oled.o(.constdata)
    asc2_1608                                0x0800b8bc   Data        1520  oled.o(.constdata)
    asc2_2412                                0x0800beac   Data        3420  oled.o(.constdata)
    Hzk1                                     0x0800cc08   Data         256  oled.o(.constdata)
    Hzk2                                     0x0800cd08   Data          72  oled.o(.constdata)
    Hzk3                                     0x0800cd50   Data         128  oled.o(.constdata)
    Hzk4                                     0x0800cdd0   Data         512  oled.o(.constdata)
    __mathlib_zero                           0x0800d0a0   Data           8  qnan.o(.constdata)
    Region$$Table$$Base                      0x0800d17c   Number         0  anon$$obj.o(Region$$Table)
    Region$$Table$$Limit                     0x0800d19c   Number         0  anon$$obj.o(Region$$Table)
    __ctype                                  0x0800d1a9   Data           0  lc_ctype_c.o(locale$$data)
    BMP1                                     0x20000000   Data        1024  main.o(.data)
    BMP2                                     0x20000400   Data        1024  main.o(.data)
    temperature                              0x20000800   Data           1  main.o(.data)
    humidity                                 0x20000801   Data           1  main.o(.data)
    flag                                     0x20000802   Data           1  main.o(.data)
    adcx                                     0x20000804   Data           2  main.o(.data)
    topics                                   0x20000808   Data           4  main.o(.data)
    sub_topics                               0x2000080c   Data           4  main.o(.data)
    SystemCoreClock                          0x20000810   Data           4  system_stm32f4xx.o(.data)
    AHBPrescTable                            0x20000814   Data          16  system_stm32f4xx.o(.data)
    esp8266_cnt                              0x20000838   Data           2  esp8266.o(.data)
    esp8266_cntPre                           0x2000083a   Data           2  esp8266.o(.data)
    OLED_GRAM                                0x2000084c   Data        1152  oled.o(.bss)
    esp8266_buf                              0x20000ccc   Data         128  esp8266.o(.bss)
    __libspace_start                         0x20000d4c   Data          96  libspace.o(.bss)
    __temporary_stack_top$libspace           0x20000dac   Data           0  libspace.o(.bss)



==============================================================================

Memory Map of the image

  Image Entry point : 0x08000189

  Load Region LR_IROM1 (Base: 0x08000000, Size: 0x0000db14, Max: 0x00080000, ABSOLUTE, COMPRESSED[0x0000d4d8])

    Execution Region ER_IROM1 (Base: 0x08000000, Size: 0x0000d2c8, Max: 0x00080000, ABSOLUTE)

    Base Addr    Size         Type   Attr      Idx    E Section Name        Object

    0x08000000   0x00000188   Data   RO          486    RESET               startup_stm32f40_41xxx.o
    0x08000188   0x00000008   Code   RO         1501  * !!!main             c_w.l(__main.o)
    0x08000190   0x00000034   Code   RO         1932    !!!scatter          c_w.l(__scatter.o)
    0x080001c4   0x00000064   Code   RO         1930    !!dclz77c           c_w.l(__dclz77c.o)
    0x08000228   0x0000001c   Code   RO         1934    !!handler_zi        c_w.l(__scatter_zi.o)
    0x08000244   0x00000000   Code   RO         1476    .ARM.Collect$$_printf_percent$$00000000  c_w.l(_printf_percent.o)
    0x08000244   0x00000006   Code   RO         1622    .ARM.Collect$$_printf_percent$$00000001  c_w.l(_printf_n.o)
    0x0800024a   0x00000006   Code   RO         1623    .ARM.Collect$$_printf_percent$$00000002  c_w.l(_printf_p.o)
    0x08000250   0x00000006   Code   RO         1474    .ARM.Collect$$_printf_percent$$00000003  c_w.l(_printf_f.o)
    0x08000256   0x00000006   Code   RO         1475    .ARM.Collect$$_printf_percent$$00000004  c_w.l(_printf_e.o)
    0x0800025c   0x00000006   Code   RO         1627    .ARM.Collect$$_printf_percent$$00000005  c_w.l(_printf_g.o)
    0x08000262   0x00000006   Code   RO         1628    .ARM.Collect$$_printf_percent$$00000006  c_w.l(_printf_a.o)
    0x08000268   0x0000000a   Code   RO         1633    .ARM.Collect$$_printf_percent$$00000007  c_w.l(_printf_ll.o)
    0x08000272   0x00000006   Code   RO         1625    .ARM.Collect$$_printf_percent$$00000008  c_w.l(_printf_i.o)
    0x08000278   0x00000006   Code   RO         1473    .ARM.Collect$$_printf_percent$$00000009  c_w.l(_printf_d.o)
    0x0800027e   0x00000006   Code   RO         1626    .ARM.Collect$$_printf_percent$$0000000A  c_w.l(_printf_u.o)
    0x08000284   0x00000006   Code   RO         1624    .ARM.Collect$$_printf_percent$$0000000B  c_w.l(_printf_o.o)
    0x0800028a   0x00000006   Code   RO         1472    .ARM.Collect$$_printf_percent$$0000000C  c_w.l(_printf_x.o)
    0x08000290   0x00000006   Code   RO         1630    .ARM.Collect$$_printf_percent$$0000000D  c_w.l(_printf_lli.o)
    0x08000296   0x00000006   Code   RO         1631    .ARM.Collect$$_printf_percent$$0000000E  c_w.l(_printf_lld.o)
    0x0800029c   0x00000006   Code   RO         1632    .ARM.Collect$$_printf_percent$$0000000F  c_w.l(_printf_llu.o)
    0x080002a2   0x00000006   Code   RO         1637    .ARM.Collect$$_printf_percent$$00000010  c_w.l(_printf_llo.o)
    0x080002a8   0x00000006   Code   RO         1638    .ARM.Collect$$_printf_percent$$00000011  c_w.l(_printf_llx.o)
    0x080002ae   0x0000000a   Code   RO         1634    .ARM.Collect$$_printf_percent$$00000012  c_w.l(_printf_l.o)
    0x080002b8   0x00000006   Code   RO         1621    .ARM.Collect$$_printf_percent$$00000013  c_w.l(_printf_c.o)
    0x080002be   0x00000006   Code   RO         1471    .ARM.Collect$$_printf_percent$$00000014  c_w.l(_printf_s.o)
    0x080002c4   0x00000006   Code   RO         1635    .ARM.Collect$$_printf_percent$$00000015  c_w.l(_printf_lc.o)
    0x080002ca   0x00000006   Code   RO         1636    .ARM.Collect$$_printf_percent$$00000016  c_w.l(_printf_ls.o)
    0x080002d0   0x00000004   Code   RO         1629    .ARM.Collect$$_printf_percent$$00000017  c_w.l(_printf_percent_end.o)
    0x080002d4   0x00000002   Code   RO         1866    .ARM.Collect$$libinit$$00000000  c_w.l(libinit.o)
    0x080002d6   0x00000004   Code   RO         1643    .ARM.Collect$$libinit$$00000001  c_w.l(libinit2.o)
    0x080002da   0x00000000   Code   RO         1646    .ARM.Collect$$libinit$$00000004  c_w.l(libinit2.o)
    0x080002da   0x00000008   Code   RO         1647    .ARM.Collect$$libinit$$00000005  c_w.l(libinit2.o)
    0x080002e2   0x00000000   Code   RO         1649    .ARM.Collect$$libinit$$0000000A  c_w.l(libinit2.o)
    0x080002e2   0x00000000   Code   RO         1651    .ARM.Collect$$libinit$$0000000C  c_w.l(libinit2.o)
    0x080002e2   0x00000000   Code   RO         1653    .ARM.Collect$$libinit$$0000000E  c_w.l(libinit2.o)
    0x080002e2   0x00000006   Code   RO         1654    .ARM.Collect$$libinit$$0000000F  c_w.l(libinit2.o)
    0x080002e8   0x00000000   Code   RO         1656    .ARM.Collect$$libinit$$00000011  c_w.l(libinit2.o)
    0x080002e8   0x0000000c   Code   RO         1657    .ARM.Collect$$libinit$$00000012  c_w.l(libinit2.o)
    0x080002f4   0x00000000   Code   RO         1658    .ARM.Collect$$libinit$$00000013  c_w.l(libinit2.o)
    0x080002f4   0x00000000   Code   RO         1660    .ARM.Collect$$libinit$$00000015  c_w.l(libinit2.o)
    0x080002f4   0x0000000a   Code   RO         1661    .ARM.Collect$$libinit$$00000016  c_w.l(libinit2.o)
    0x080002fe   0x00000000   Code   RO         1662    .ARM.Collect$$libinit$$00000017  c_w.l(libinit2.o)
    0x080002fe   0x00000000   Code   RO         1664    .ARM.Collect$$libinit$$00000019  c_w.l(libinit2.o)
    0x080002fe   0x00000000   Code   RO         1666    .ARM.Collect$$libinit$$0000001B  c_w.l(libinit2.o)
    0x080002fe   0x00000000   Code   RO         1668    .ARM.Collect$$libinit$$0000001D  c_w.l(libinit2.o)
    0x080002fe   0x00000000   Code   RO         1670    .ARM.Collect$$libinit$$0000001F  c_w.l(libinit2.o)
    0x080002fe   0x00000000   Code   RO         1672    .ARM.Collect$$libinit$$00000021  c_w.l(libinit2.o)
    0x080002fe   0x00000000   Code   RO         1674    .ARM.Collect$$libinit$$00000023  c_w.l(libinit2.o)
    0x080002fe   0x00000000   Code   RO         1676    .ARM.Collect$$libinit$$00000025  c_w.l(libinit2.o)
    0x080002fe   0x00000000   Code   RO         1680    .ARM.Collect$$libinit$$0000002C  c_w.l(libinit2.o)
    0x080002fe   0x00000000   Code   RO         1682    .ARM.Collect$$libinit$$0000002E  c_w.l(libinit2.o)
    0x080002fe   0x00000000   Code   RO         1684    .ARM.Collect$$libinit$$00000030  c_w.l(libinit2.o)
    0x080002fe   0x00000000   Code   RO         1686    .ARM.Collect$$libinit$$00000032  c_w.l(libinit2.o)
    0x080002fe   0x00000002   Code   RO         1687    .ARM.Collect$$libinit$$00000033  c_w.l(libinit2.o)
    0x08000300   0x00000002   Code   RO         1927    .ARM.Collect$$libshutdown$$00000000  c_w.l(libshutdown.o)
    0x08000302   0x00000000   Code   RO         1883    .ARM.Collect$$libshutdown$$00000003  c_w.l(libshutdown2.o)
    0x08000302   0x00000000   Code   RO         1886    .ARM.Collect$$libshutdown$$00000006  c_w.l(libshutdown2.o)
    0x08000302   0x00000000   Code   RO         1889    .ARM.Collect$$libshutdown$$00000009  c_w.l(libshutdown2.o)
    0x08000302   0x00000000   Code   RO         1891    .ARM.Collect$$libshutdown$$0000000B  c_w.l(libshutdown2.o)
    0x08000302   0x00000000   Code   RO         1894    .ARM.Collect$$libshutdown$$0000000E  c_w.l(libshutdown2.o)
    0x08000302   0x00000002   Code   RO         1895    .ARM.Collect$$libshutdown$$0000000F  c_w.l(libshutdown2.o)
    0x08000304   0x00000000   Code   RO         1559    .ARM.Collect$$rtentry$$00000000  c_w.l(__rtentry.o)
    0x08000304   0x00000000   Code   RO         1748    .ARM.Collect$$rtentry$$00000002  c_w.l(__rtentry2.o)
    0x08000304   0x00000006   Code   RO         1760    .ARM.Collect$$rtentry$$00000004  c_w.l(__rtentry4.o)
    0x0800030a   0x00000000   Code   RO         1750    .ARM.Collect$$rtentry$$00000009  c_w.l(__rtentry2.o)
    0x0800030a   0x00000004   Code   RO         1751    .ARM.Collect$$rtentry$$0000000A  c_w.l(__rtentry2.o)
    0x0800030e   0x00000000   Code   RO         1753    .ARM.Collect$$rtentry$$0000000C  c_w.l(__rtentry2.o)
    0x0800030e   0x00000008   Code   RO         1754    .ARM.Collect$$rtentry$$0000000D  c_w.l(__rtentry2.o)
    0x08000316   0x00000002   Code   RO         1871    .ARM.Collect$$rtexit$$00000000  c_w.l(rtexit.o)
    0x08000318   0x00000000   Code   RO         1901    .ARM.Collect$$rtexit$$00000002  c_w.l(rtexit2.o)
    0x08000318   0x00000004   Code   RO         1902    .ARM.Collect$$rtexit$$00000003  c_w.l(rtexit2.o)
    0x0800031c   0x00000006   Code   RO         1903    .ARM.Collect$$rtexit$$00000004  c_w.l(rtexit2.o)
    0x08000322   0x00000002   PAD
    0x08000324   0x00000000   Code   RO         1769    .emb_text           c_w.l(maybetermalloc1.o)
    0x08000324   0x000001fc   Code   RO            3    .text               main.o
    0x08000520   0x0000001a   Code   RO          195    .text               stm32f4xx_it.o
    0x0800053a   0x00000002   PAD
    0x0800053c   0x00000210   Code   RO          254    .text               system_stm32f4xx.o
    0x0800074c   0x00000198   Code   RO          280    .text               exti.o
    0x080008e4   0x00000064   Code   RO          300    .text               key.o
    0x08000948   0x0000008c   Code   RO          320    .text               led.o
    0x080009d4   0x00000214   Code   RO          340    .text               pwm.o
    0x08000be8   0x000002c0   Code   RO          360    .text               timer.o
    0x08000ea8   0x00000338   Code   RO          391    .text               uart.o
    0x080011e0   0x00000a14   Code   RO          419    .text               oled.o
    0x08001bf4   0x00000198   Code   RO          446    .text               dht11.o
    0x08001d8c   0x00000124   Code   RO          466    .text               adc.o
    0x08001eb0   0x00000040   Code   RO          487    .text               startup_stm32f40_41xxx.o
    0x08001ef0   0x000000e0   Code   RO          493    .text               misc.o
    0x08001fd0   0x00000464   Code   RO          513    .text               stm32f4xx_adc.o
    0x08002434   0x00000110   Code   RO          756    .text               stm32f4xx_exti.o
    0x08002544   0x00000294   Code   RO          842    .text               stm32f4xx_gpio.o
    0x080027d8   0x0000065c   Code   RO         1005    .text               stm32f4xx_rcc.o
    0x08002e34   0x00000094   Code   RO         1130    .text               stm32f4xx_syscfg.o
    0x08002ec8   0x00000ca2   Code   RO         1150    .text               stm32f4xx_tim.o
    0x08003b6a   0x00000002   PAD
    0x08003b6c   0x00000454   Code   RO         1170    .text               stm32f4xx_usart.o
    0x08003fc0   0x00000104   Code   RO         1210    .text               delay.o
    0x080040c4   0x0000031c   Code   RO         1250    .text               esp8266.o
    0x080043e0   0x00000dfc   Code   RO         1272    .text               mqttkit.o
    0x080051dc   0x000007f8   Code   RO         1286    .text               onenet.o
    0x080059d4   0x00001b5a   Code   RO         1309    .text               cjson.o
    0x0800752e   0x0000005e   Code   RO         1356    .text               c_w.l(h1_alloc.o)
    0x0800758c   0x0000004e   Code   RO         1358    .text               c_w.l(h1_free.o)
    0x080075da   0x0000001a   Code   RO         1414    .text               c_w.l(tolower.o)
    0x080075f4   0x00000034   Code   RO         1416    .text               c_w.l(vsnprintf.o)
    0x08007628   0x0000002c   Code   RO         1418    .text               c_w.l(__2sprintf.o)
    0x08007654   0x0000004e   Code   RO         1424    .text               c_w.l(_printf_pad.o)
    0x080076a2   0x00000052   Code   RO         1426    .text               c_w.l(_printf_str.o)
    0x080076f4   0x00000078   Code   RO         1428    .text               c_w.l(_printf_dec.o)
    0x0800776c   0x00000094   Code   RO         1448    .text               c_w.l(_printf_hex_int_ll_ptr.o)
    0x08007800   0x00000188   Code   RO         1468    .text               c_w.l(__printf_flags_ss_wp.o)
    0x08007988   0x0000001a   Code   RO         1477    .text               c_w.l(atoi.o)
    0x080079a2   0x00000014   Code   RO         1479    .text               c_w.l(strchr.o)
    0x080079b6   0x00000024   Code   RO         1481    .text               c_w.l(strncat.o)
    0x080079da   0x00000024   Code   RO         1483    .text               c_w.l(strstr.o)
    0x080079fe   0x00000048   Code   RO         1485    .text               c_w.l(strcpy.o)
    0x08007a46   0x0000003e   Code   RO         1487    .text               c_w.l(strlen.o)
    0x08007a84   0x00000096   Code   RO         1489    .text               c_w.l(strncmp.o)
    0x08007b1a   0x0000008a   Code   RO         1491    .text               c_w.l(rt_memcpy_v6.o)
    0x08007ba4   0x00000064   Code   RO         1493    .text               c_w.l(rt_memcpy_w.o)
    0x08007c08   0x00000044   Code   RO         1495    .text               c_w.l(rt_memclr.o)
    0x08007c4c   0x0000004e   Code   RO         1497    .text               c_w.l(rt_memclr_w.o)
    0x08007c9a   0x00000006   Code   RO         1499    .text               c_w.l(heapauxi.o)
    0x08007ca0   0x00000010   Code   RO         1560    .text               c_w.l(rt_ctype_table.o)
    0x08007cb0   0x00000008   Code   RO         1565    .text               c_w.l(rt_heap_descriptor_intlibspace.o)
    0x08007cb8   0x00000008   Code   RO         1570    .text               c_w.l(rt_errno_addr_intlibspace.o)
    0x08007cc0   0x00000004   Code   RO         1572    .text               c_w.l(hguard.o)
    0x08007cc4   0x0000008a   Code   RO         1574    .text               c_w.l(init_alloc.o)
    0x08007d4e   0x0000000e   Code   RO         1578    .text               c_w.l(h1_init.o)
    0x08007d5c   0x00000016   Code   RO         1592    .text               c_w.l(_rserrno.o)
    0x08007d72   0x00000024   Code   RO         1594    .text               c_w.l(_printf_truncate.o)
    0x08007d96   0x000000b2   Code   RO         1596    .text               c_w.l(_printf_intcommon.o)
    0x08007e48   0x00000028   Code   RO         1598    .text               c_w.l(_printf_charcount.o)
    0x08007e70   0x0000041a   Code   RO         1600    .text               c_w.l(_printf_fp_dec.o)
    0x0800828a   0x00000002   PAD
    0x0800828c   0x00000030   Code   RO         1602    .text               c_w.l(_printf_char_common.o)
    0x080082bc   0x0000000a   Code   RO         1604    .text               c_w.l(_sputc.o)
    0x080082c6   0x00000010   Code   RO         1606    .text               c_w.l(_snputc.o)
    0x080082d6   0x0000002c   Code   RO         1608    .text               c_w.l(_printf_char.o)
    0x08008302   0x00000002   PAD
    0x08008304   0x000000bc   Code   RO         1610    .text               c_w.l(_printf_wctomb.o)
    0x080083c0   0x0000007c   Code   RO         1613    .text               c_w.l(_printf_longlong_dec.o)
    0x0800843c   0x00000070   Code   RO         1619    .text               c_w.l(_printf_oct_int_ll.o)
    0x080084ac   0x00000070   Code   RO         1639    .text               c_w.l(strtol.o)
    0x0800851c   0x00000008   Code   RO         1744    .text               c_w.l(libspace.o)
    0x08008524   0x00000008   Code   RO         1765    .text               c_w.l(rt_locale_intlibspace.o)
    0x0800852c   0x00000034   Code   RO         1771    .text               c_w.l(h1_extend.o)
    0x08008560   0x0000008a   Code   RO         1775    .text               c_w.l(lludiv10.o)
    0x080085ea   0x00000002   PAD
    0x080085ec   0x000002fc   Code   RO         1777    .text               c_w.l(_printf_fp_hex.o)
    0x080088e8   0x00000080   Code   RO         1780    .text               c_w.l(_printf_fp_infnan.o)
    0x08008968   0x0000002c   Code   RO         1784    .text               c_w.l(_printf_wchar.o)
    0x08008994   0x0000009e   Code   RO         1786    .text               c_w.l(_strtoul.o)
    0x08008a32   0x00000002   PAD
    0x08008a34   0x000000dc   Code   RO         1788    .text               c_w.l(bigflt0.o)
    0x08008b10   0x00000040   Code   RO         1813    .text               c_w.l(_wcrtomb.o)
    0x08008b50   0x0000000e   Code   RO         1821    .text               c_w.l(defsig_rtmem_outer.o)
    0x08008b5e   0x00000002   Code   RO         1838    .text               c_w.l(use_no_semi.o)
    0x08008b60   0x00000000   Code   RO         1840    .text               c_w.l(indicate_semi.o)
    0x08008b60   0x0000004a   Code   RO         1841    .text               c_w.l(sys_stackheap_outer.o)
    0x08008baa   0x0000001c   Code   RO         1847    .text               c_w.l(_chval.o)
    0x08008bc6   0x0000000c   Code   RO         1849    .text               c_w.l(exit.o)
    0x08008bd2   0x0000000a   Code   RO         1851    .text               c_w.l(defsig_exit.o)
    0x08008bdc   0x00000050   Code   RO         1853    .text               c_w.l(defsig_rtmem_inner.o)
    0x08008c2c   0x00000080   Code   RO         1855    .text               c_w.l(strcmpv7m.o)
    0x08008cac   0x0000000c   Code   RO         1869    .text               c_w.l(sys_exit.o)
    0x08008cb8   0x00000032   Code   RO         1879    .text               c_w.l(defsig_general.o)
    0x08008cea   0x0000000e   Code   RO         1898    .text               c_w.l(sys_wrch.o)
    0x08008cf8   0x0000003e   Code   RO         1791    CL$$btod_d2e        c_w.l(btod.o)
    0x08008d36   0x00000046   Code   RO         1793    CL$$btod_d2e_denorm_low  c_w.l(btod.o)
    0x08008d7c   0x00000060   Code   RO         1792    CL$$btod_d2e_norm_op1  c_w.l(btod.o)
    0x08008ddc   0x00000338   Code   RO         1801    CL$$btod_div_common  c_w.l(btod.o)
    0x08009114   0x000000c6   Code   RO         1798    CL$$btod_e2e        c_w.l(btod.o)
    0x080091da   0x00000028   Code   RO         1795    CL$$btod_ediv       c_w.l(btod.o)
    0x08009202   0x00000028   Code   RO         1794    CL$$btod_emul       c_w.l(btod.o)
    0x0800922a   0x00000244   Code   RO         1800    CL$$btod_mult_common  c_w.l(btod.o)
    0x0800946e   0x00000030   Code   RO         1725    i.__ARM_fpclassify  m_wm.l(fpclassify.o)
    0x0800949e   0x00000014   Code   RO         1531    i.__hardfp_fabs     m_wm.l(fabs.o)
    0x080094b2   0x00000006   PAD
    0x080094b8   0x00000118   Code   RO         1537    i.__hardfp_floor    m_wm.l(floor.o)
    0x080095d0   0x00000c38   Code   RO         1543    i.__hardfp_pow      m_wm.l(pow.o)
    0x0800a208   0x000000f8   Code   RO         1727    i.__kernel_poly     m_wm.l(poly.o)
    0x0800a300   0x00000030   Code   RO         1711    i.__mathlib_dbl_divzero  m_wm.l(dunder.o)
    0x0800a330   0x00000014   Code   RO         1713    i.__mathlib_dbl_infnan2  m_wm.l(dunder.o)
    0x0800a344   0x00000004   PAD
    0x0800a348   0x00000020   Code   RO         1714    i.__mathlib_dbl_invalid  m_wm.l(dunder.o)
    0x0800a368   0x00000020   Code   RO         1715    i.__mathlib_dbl_overflow  m_wm.l(dunder.o)
    0x0800a388   0x00000020   Code   RO         1717    i.__mathlib_dbl_underflow  m_wm.l(dunder.o)
    0x0800a3a8   0x0000000e   Code   RO         1461    i._is_digit         c_w.l(__printf_wp.o)
    0x0800a3b6   0x00000018   Code   RO         1533    i.fabs              m_wm.l(fabs.o)
    0x0800a3ce   0x0000006e   Code   RO         1732    i.sqrt              m_wm.l(sqrt.o)
    0x0800a43c   0x0000002c   Code   RO         1816    locale$$code        c_w.l(lc_ctype_c.o)
    0x0800a468   0x0000002c   Code   RO         1819    locale$$code        c_w.l(lc_numeric_c.o)
    0x0800a494   0x00000018   Code   RO         1688    x$fpl$basic         fz_wm.l(basic.o)
    0x0800a4ac   0x00000150   Code   RO         1503    x$fpl$dadd          fz_wm.l(daddsub_clz.o)
    0x0800a5fc   0x00000010   Code   RO         1830    x$fpl$dcheck1       fz_wm.l(dcheck1.o)
    0x0800a60c   0x00000018   Code   RO         1690    x$fpl$dcmpinf       fz_wm.l(dcmpi.o)
    0x0800a624   0x000002b0   Code   RO         1693    x$fpl$ddiv          fz_wm.l(ddiv.o)
    0x0800a8d4   0x00000078   Code   RO         1509    x$fpl$deqf          fz_wm.l(deqf.o)
    0x0800a94c   0x0000005e   Code   RO         1511    x$fpl$dfix          fz_wm.l(dfix.o)
    0x0800a9aa   0x0000002e   Code   RO         1516    x$fpl$dflt          fz_wm.l(dflt_clz.o)
    0x0800a9d8   0x00000078   Code   RO         1521    x$fpl$dleqf         fz_wm.l(dleqf.o)
    0x0800aa50   0x00000154   Code   RO         1523    x$fpl$dmul          fz_wm.l(dmul.o)
    0x0800aba4   0x0000009c   Code   RO         1696    x$fpl$dnaninf       fz_wm.l(dnaninf.o)
    0x0800ac40   0x0000000c   Code   RO         1698    x$fpl$dretinf       fz_wm.l(dretinf.o)
    0x0800ac4c   0x0000006c   Code   RO         1525    x$fpl$drleqf        fz_wm.l(drleqf.o)
    0x0800acb8   0x00000016   Code   RO         1504    x$fpl$drsb          fz_wm.l(daddsub_clz.o)
    0x0800acce   0x00000002   PAD
    0x0800acd0   0x00000198   Code   RO         1832    x$fpl$dsqrt         fz_wm.l(dsqrt_umaal.o)
    0x0800ae68   0x000001d4   Code   RO         1505    x$fpl$dsub          fz_wm.l(daddsub_clz.o)
    0x0800b03c   0x00000056   Code   RO         1527    x$fpl$f2d           fz_wm.l(f2d.o)
    0x0800b092   0x0000008c   Code   RO         1700    x$fpl$fnaninf       fz_wm.l(fnaninf.o)
    0x0800b11e   0x0000000a   Code   RO         1834    x$fpl$fpinit        fz_wm.l(fpinit.o)
    0x0800b128   0x00000004   Code   RO         1529    x$fpl$printf1       fz_wm.l(printf1.o)
    0x0800b12c   0x00000004   Code   RO         1702    x$fpl$printf2       fz_wm.l(printf2.o)
    0x0800b130   0x00000064   Code   RO         1867    x$fpl$retnan        fz_wm.l(retnan.o)
    0x0800b194   0x0000005c   Code   RO         1708    x$fpl$scalbn        fz_wm.l(scalbn.o)
    0x0800b1f0   0x00000030   Code   RO         1896    x$fpl$trapveneer    fz_wm.l(trapv.o)
    0x0800b220   0x00000000   Code   RO         1710    x$fpl$usenofp       fz_wm.l(usenofp.o)
    0x0800b220   0x00001db0   Data   RO          421    .constdata          oled.o
    0x0800cfd0   0x00000007   Data   RO         1310    .constdata          cjson.o
    0x0800cfd7   0x00000028   Data   RO         1449    .constdata          c_w.l(_printf_hex_int_ll_ptr.o)
    0x0800cfff   0x00000011   Data   RO         1469    .constdata          c_w.l(__printf_flags_ss_wp.o)
    0x0800d010   0x00000088   Data   RO         1546    .constdata          m_wm.l(pow.o)
    0x0800d098   0x00000008   Data   RO         1611    .constdata          c_w.l(_printf_wctomb.o)
    0x0800d0a0   0x00000008   Data   RO         1729    .constdata          m_wm.l(qnan.o)
    0x0800d0a8   0x00000026   Data   RO         1778    .constdata          c_w.l(_printf_fp_hex.o)
    0x0800d0ce   0x00000002   PAD
    0x0800d0d0   0x00000094   Data   RO         1789    .constdata          c_w.l(bigflt0.o)
    0x0800d164   0x00000018   Data   RO            4    .conststring        main.o
    0x0800d17c   0x00000020   Data   RO         1928    Region$$Table       anon$$obj.o
    0x0800d19c   0x00000110   Data   RO         1815    locale$$data        c_w.l(lc_ctype_c.o)
    0x0800d2ac   0x0000001c   Data   RO         1818    locale$$data        c_w.l(lc_numeric_c.o)


    Execution Region RW_IRAM1 (Base: 0x20000000, Size: 0x000013b0, Max: 0x00020000, ABSOLUTE, COMPRESSED[0x00000210])

    Base Addr    Size         Type   Attr      Idx    E Section Name        Object

    0x20000000   0x00000810   Data   RW            5    .data               main.o
    0x20000810   0x00000014   Data   RW          255    .data               system_stm32f4xx.o
    0x20000824   0x00000010   Data   RW         1006    .data               stm32f4xx_rcc.o
    0x20000834   0x00000004   Data   RW         1211    .data               delay.o
    0x20000838   0x00000004   Data   RW         1252    .data               esp8266.o
    0x2000083c   0x00000002   Data   RW         1287    .data               onenet.o
    0x2000083e   0x00000002   PAD
    0x20000840   0x0000000c   Data   RW         1311    .data               cjson.o
    0x2000084c   0x00000480   Zero   RW          420    .bss                oled.o
    0x20000ccc   0x00000080   Zero   RW         1251    .bss                esp8266.o
    0x20000d4c   0x00000060   Zero   RW         1745    .bss                c_w.l(libspace.o)
    0x20000dac   0x00000004   PAD
    0x20000db0   0x00000200   Zero   RW          485    HEAP                startup_stm32f40_41xxx.o
    0x20000fb0   0x00000400   Zero   RW          484    STACK               startup_stm32f40_41xxx.o


==============================================================================

Image component sizes


      Code (inc. data)   RO Data    RW Data    ZI Data      Debug   Object Name

       292         18          0          0          0       1179   adc.o
      7002        236          7         12          0      24004   cjson.o
       260          8          0          4          0       1457   delay.o
       408         14          0          0          0       2150   dht11.o
       796        296          0          4        128       3115   esp8266.o
       408         10          0          0          0       1279   exti.o
       100         10          0          0          0        555   key.o
       140         10          0          0          0        705   led.o
       508        162         24       2064          0     303510   main.o
       224         20          0          0          0       1841   misc.o
      3580         42          0          0          0      12987   mqttkit.o
      2580         56       7600          0       1152       9055   oled.o
      2040        954          0          2          0       4518   onenet.o
       532         22          0          0          0       1740   pwm.o
        64         26        392          0       1536        848   startup_stm32f40_41xxx.o
      1124         24          0          0          0      10514   stm32f4xx_adc.o
       272         10          0          0          0       2287   stm32f4xx_exti.o
       660         44          0          0          0       4117   stm32f4xx_gpio.o
        26          0          0          0          0       1242   stm32f4xx_it.o
      1628         52          0         16          0      12916   stm32f4xx_rcc.o
       148         12          0          0          0       1857   stm32f4xx_syscfg.o
      3234         60          0          0          0      22320   stm32f4xx_tim.o
      1108         34          0          0          0       7816   stm32f4xx_usart.o
       528         46          0         20          0       1811   system_stm32f4xx.o
       704         32          0          0          0       1632   timer.o
       824         32          0          0          0       3504   uart.o

    ----------------------------------------------------------------------
     29194       2230       8055       2124       2816     438959   Object Totals
         0          0         32          0          0          0   (incl. Generated)
         4          0          0          2          0          0   (incl. Padding)

    ----------------------------------------------------------------------

      Code (inc. data)   RO Data    RW Data    ZI Data      Debug   Library Member Name

        44          6          0          0          0         84   __2sprintf.o
       100          0          0          0          0          0   __dclz77c.o
         8          0          0          0          0         68   __main.o
       392          4         17          0          0         92   __printf_flags_ss_wp.o
        14          0          0          0          0         68   __printf_wp.o
         0          0          0          0          0          0   __rtentry.o
        12          0          0          0          0          0   __rtentry2.o
         6          0          0          0          0          0   __rtentry4.o
        52          8          0          0          0          0   __scatter.o
        28          0          0          0          0          0   __scatter_zi.o
        28          0          0          0          0         68   _chval.o
         6          0          0          0          0          0   _printf_a.o
         6          0          0          0          0          0   _printf_c.o
        44          0          0          0          0        108   _printf_char.o
        48          6          0          0          0         96   _printf_char_common.o
        40          0          0          0          0         68   _printf_charcount.o
         6          0          0          0          0          0   _printf_d.o
       120         16          0          0          0         92   _printf_dec.o
         6          0          0          0          0          0   _printf_e.o
         6          0          0          0          0          0   _printf_f.o
      1050          0          0          0          0        216   _printf_fp_dec.o
       764         10         38          0          0        100   _printf_fp_hex.o
       128         16          0          0          0         84   _printf_fp_infnan.o
         6          0          0          0          0          0   _printf_g.o
       148          4         40          0          0        160   _printf_hex_int_ll_ptr.o
         6          0          0          0          0          0   _printf_i.o
       178          0          0          0          0         88   _printf_intcommon.o
        10          0          0          0          0          0   _printf_l.o
         6          0          0          0          0          0   _printf_lc.o
        10          0          0          0          0          0   _printf_ll.o
         6          0          0          0          0          0   _printf_lld.o
         6          0          0          0          0          0   _printf_lli.o
         6          0          0          0          0          0   _printf_llo.o
         6          0          0          0          0          0   _printf_llu.o
         6          0          0          0          0          0   _printf_llx.o
       124         16          0          0          0         92   _printf_longlong_dec.o
         6          0          0          0          0          0   _printf_ls.o
         6          0          0          0          0          0   _printf_n.o
         6          0          0          0          0          0   _printf_o.o
       112          8          0          0          0        124   _printf_oct_int_ll.o
         6          0          0          0          0          0   _printf_p.o
        78          0          0          0          0        108   _printf_pad.o
         0          0          0          0          0          0   _printf_percent.o
         4          0          0          0          0          0   _printf_percent_end.o
         6          0          0          0          0          0   _printf_s.o
        82          0          0          0          0         80   _printf_str.o
        36          0          0          0          0         84   _printf_truncate.o
         6          0          0          0          0          0   _printf_u.o
        44          0          0          0          0        108   _printf_wchar.o
       188          6          8          0          0         92   _printf_wctomb.o
         6          0          0          0          0          0   _printf_x.o
        22          0          0          0          0        100   _rserrno.o
        16          0          0          0          0         68   _snputc.o
        10          0          0          0          0         68   _sputc.o
       158          0          0          0          0         92   _strtoul.o
        64          0          0          0          0         92   _wcrtomb.o
        26          0          0          0          0         80   atoi.o
       220          4        148          0          0         96   bigflt0.o
      1910        128          0          0          0        672   btod.o
        10          0          0          0          0         68   defsig_exit.o
        50          0          0          0          0         88   defsig_general.o
        80         58          0          0          0         76   defsig_rtmem_inner.o
        14          0          0          0          0         80   defsig_rtmem_outer.o
        12          0          0          0          0         72   exit.o
        94          0          0          0          0         80   h1_alloc.o
        52          0          0          0          0         68   h1_extend.o
        78          0          0          0          0         80   h1_free.o
        14          0          0          0          0         84   h1_init.o
         6          0          0          0          0        152   heapauxi.o
         4          0          0          0          0        136   hguard.o
         0          0          0          0          0          0   indicate_semi.o
       138          0          0          0          0        168   init_alloc.o
        44         10        272          0          0         76   lc_ctype_c.o
        44         10         28          0          0         76   lc_numeric_c.o
         2          0          0          0          0          0   libinit.o
        42          0          0          0          0          0   libinit2.o
         2          0          0          0          0          0   libshutdown.o
         2          0          0          0          0          0   libshutdown2.o
         8          4          0          0         96         68   libspace.o
       138          0          0          0          0         80   lludiv10.o
         0          0          0          0          0          0   maybetermalloc1.o
        16          4          0          0          0         76   rt_ctype_table.o
         8          4          0          0          0         68   rt_errno_addr_intlibspace.o
         8          4          0          0          0         68   rt_heap_descriptor_intlibspace.o
         8          4          0          0          0         68   rt_locale_intlibspace.o
        68          0          0          0          0         68   rt_memclr.o
        78          0          0          0          0         80   rt_memclr_w.o
       138          0          0          0          0         68   rt_memcpy_v6.o
       100          0          0          0          0         80   rt_memcpy_w.o
         2          0          0          0          0          0   rtexit.o
        10          0          0          0          0          0   rtexit2.o
        20          0          0          0          0         68   strchr.o
       128          0          0          0          0         68   strcmpv7m.o
        72          0          0          0          0         80   strcpy.o
        62          0          0          0          0         76   strlen.o
        36          0          0          0          0         76   strncat.o
       150          0          0          0          0         80   strncmp.o
        36          0          0          0          0         80   strstr.o
       112          0          0          0          0         88   strtol.o
        12          4          0          0          0         68   sys_exit.o
        74          0          0          0          0         80   sys_stackheap_outer.o
        14          0          0          0          0         76   sys_wrch.o
        26          0          0          0          0         76   tolower.o
         2          0          0          0          0         68   use_no_semi.o
        52          4          0          0          0         80   vsnprintf.o
        24          0          0          0          0        164   basic.o
       826         16          0          0          0        492   daddsub_clz.o
        16          4          0          0          0        116   dcheck1.o
        24          0          0          0          0        116   dcmpi.o
       688        140          0          0          0        256   ddiv.o
       120          4          0          0          0        140   deqf.o
        94          4          0          0          0        140   dfix.o
        46          0          0          0          0        116   dflt_clz.o
       120          4          0          0          0        140   dleqf.o
       340         12          0          0          0        152   dmul.o
       156          4          0          0          0        140   dnaninf.o
        12          0          0          0          0        116   dretinf.o
       108          0          0          0          0        128   drleqf.o
       408         56          0          0          0        168   dsqrt_umaal.o
        86          4          0          0          0        132   f2d.o
       140          4          0          0          0        132   fnaninf.o
        10          0          0          0          0        116   fpinit.o
         4          0          0          0          0        116   printf1.o
         4          0          0          0          0        116   printf2.o
       100          0          0          0          0        116   retnan.o
        92          0          0          0          0        116   scalbn.o
        48          0          0          0          0        116   trapv.o
         0          0          0          0          0          0   usenofp.o
       164         44          0          0          0        620   dunder.o
        44          0          0          0          0        248   fabs.o
       280         28          0          0          0        156   floor.o
        48          0          0          0          0        124   fpclassify.o
       248          0          0          0          0        152   poly.o
      3128        302        136          0          0        356   pow.o
         0          0          8          0          0          0   qnan.o
       110          0          0          0          0        148   sqrt.o

    ----------------------------------------------------------------------
     16014        964        697          0        100      11588   Library Totals
        22          0          2          0          4          0   (incl. Padding)

    ----------------------------------------------------------------------

      Code (inc. data)   RO Data    RW Data    ZI Data      Debug   Library Name

      8504        338        551          0         96       6440   c_w.l
      3466        252          0          0          0       3344   fz_wm.l
      4022        374        144          0          0       1804   m_wm.l

    ----------------------------------------------------------------------
     16014        964        697          0        100      11588   Library Totals

    ----------------------------------------------------------------------

==============================================================================


      Code (inc. data)   RO Data    RW Data    ZI Data      Debug   

     45208       3194       8752       2124       2916     438203   Grand Totals
     45208       3194       8752        528       2916     438203   ELF Image Totals (compressed)
     45208       3194       8752        528          0          0   ROM Totals

==============================================================================

    Total RO  Size (Code + RO Data)                53960 (  52.70kB)
    Total RW  Size (RW Data + ZI Data)              5040 (   4.92kB)
    Total ROM Size (Code + RO Data + RW Data)      54488 (  53.21kB)

==============================================================================

